12:01:09 **** Clean-only build of configuration Debug for project Embedded_Exercise_normal ****
make clean 
rm -rf  ./src/Interrupt_setup.o ./src/Pixel.o ./src/blinker.o ./src/led_matrix_driver.o ./src/main.o ./src/platform.o  ./src/blinker.d ./src/led_matrix_driver.d  ./src/Interrupt_setup.d ./src/Pixel.d ./src/main.d ./src/platform.d  Embedded_Exercise_normal.elf.size  Embedded_Exercise_normal.elf
' '
12:01:09 **** Clean-only build of project Embedded_Exercise_bsp ****
make -k clean 
make -C ps7_cortexa9_0/libsrc/coresightps_dcc_v1_4/src -s clean 
make -C ps7_cortexa9_0/libsrc/cpu_cortexa9_v2_4/src -s clean 
make -C ps7_cortexa9_0/libsrc/ddrps_v1_0/src -s clean 
make -C ps7_cortexa9_0/libsrc/devcfg_v3_4/src -s clean 
make -C ps7_cortexa9_0/libsrc/dmaps_v2_3/src -s clean 
make -C ps7_cortexa9_0/libsrc/emacps_v3_4/src -s clean 
make -C ps7_cortexa9_0/libsrc/gpio_v4_3/src -s clean 
make -C ps7_cortexa9_0/libsrc/gpiops_v3_3/src -s clean 
make -C ps7_cortexa9_0/libsrc/iicps_v3_5/src -s clean 
make -C ps7_cortexa9_0/libsrc/qspips_v3_3/src -s clean 
make -C ps7_cortexa9_0/libsrc/scugic_v3_7/src -s clean 
make -C ps7_cortexa9_0/libsrc/scutimer_v2_1/src -s clean 
make -C ps7_cortexa9_0/libsrc/scuwdt_v2_1/src -s clean 
make -C ps7_cortexa9_0/libsrc/sdps_v3_2/src -s clean 
make -C ps7_cortexa9_0/libsrc/standalone_v6_3/src -s clean 
make -C ps7_cortexa9_0/libsrc/ttcps_v3_3/src -s clean 
make -C ps7_cortexa9_0/libsrc/uartps_v3_4/src -s clean 
make -C ps7_cortexa9_0/libsrc/usbps_v2_4/src -s clean 
make -C ps7_cortexa9_0/libsrc/xadcps_v2_2/src -s clean 
rm -f ps7_cortexa9_0/lib/libxil.a
12:01:12 **** Build of project Embedded_Exercise_bsp ****
make -k all 
"Running Make include in ps7_cortexa9_0/libsrc/coresightps_dcc_v1_4/src"
make -C ps7_cortexa9_0/libsrc/coresightps_dcc_v1_4/src -s include  "SHELL=CMD" "COMPILER=arm-none-eabi-gcc" "ARCHIVER=arm-none-eabi-ar" "COMPILER_FLAGS=  -O2 -c" "EXTRA_COMPILER_FLAGS=-mcpu=cortex-a9 -mfpu=vfpv3 -mfloat-abi=hard -nostartfiles -Wall -Wextra"
"Running Make include in ps7_cortexa9_0/libsrc/cpu_cortexa9_v2_4/src"
make -C ps7_cortexa9_0/libsrc/cpu_cortexa9_v2_4/src -s include  "SHELL=CMD" "COMPILER=arm-none-eabi-gcc" "ARCHIVER=arm-none-eabi-ar" "COMPILER_FLAGS=  -O2 -c" "EXTRA_COMPILER_FLAGS=-mcpu=cortex-a9 -mfpu=vfpv3 -mfloat-abi=hard -nostartfiles -Wall -Wextra"
"Running Make include in ps7_cortexa9_0/libsrc/ddrps_v1_0/src"
make -C ps7_cortexa9_0/libsrc/ddrps_v1_0/src -s include  "SHELL=CMD" "COMPILER=arm-none-eabi-gcc" "ARCHIVER=arm-none-eabi-ar" "COMPILER_FLAGS=  -O2 -c" "EXTRA_COMPILER_FLAGS=-mcpu=cortex-a9 -mfpu=vfpv3 -mfloat-abi=hard -nostartfiles -Wall -Wextra"
"Running Make include in ps7_cortexa9_0/libsrc/devcfg_v3_4/src"
make -C ps7_cortexa9_0/libsrc/devcfg_v3_4/src -s include  "SHELL=CMD" "COMPILER=arm-none-eabi-gcc" "ARCHIVER=arm-none-eabi-ar" "COMPILER_FLAGS=  -O2 -c" "EXTRA_COMPILER_FLAGS=-mcpu=cortex-a9 -mfpu=vfpv3 -mfloat-abi=hard -nostartfiles -Wall -Wextra"
"Running Make include in ps7_cortexa9_0/libsrc/dmaps_v2_3/src"
make -C ps7_cortexa9_0/libsrc/dmaps_v2_3/src -s include  "SHELL=CMD" "COMPILER=arm-none-eabi-gcc" "ARCHIVER=arm-none-eabi-ar" "COMPILER_FLAGS=  -O2 -c" "EXTRA_COMPILER_FLAGS=-mcpu=cortex-a9 -mfpu=vfpv3 -mfloat-abi=hard -nostartfiles -Wall -Wextra"
"Running Make include in ps7_cortexa9_0/libsrc/emacps_v3_4/src"
make -C ps7_cortexa9_0/libsrc/emacps_v3_4/src -s include  "SHELL=CMD" "COMPILER=arm-none-eabi-gcc" "ARCHIVER=arm-none-eabi-ar" "COMPILER_FLAGS=  -O2 -c" "EXTRA_COMPILER_FLAGS=-mcpu=cortex-a9 -mfpu=vfpv3 -mfloat-abi=hard -nostartfiles -Wall -Wextra"
"Running Make include in ps7_cortexa9_0/libsrc/gpio_v4_3/src"
make -C ps7_cortexa9_0/libsrc/gpio_v4_3/src -s include  "SHELL=CMD" "COMPILER=arm-none-eabi-gcc" "ARCHIVER=arm-none-eabi-ar" "COMPILER_FLAGS=  -O2 -c" "EXTRA_COMPILER_FLAGS=-mcpu=cortex-a9 -mfpu=vfpv3 -mfloat-abi=hard -nostartfiles -Wall -Wextra"
"Running Make include in ps7_cortexa9_0/libsrc/gpiops_v3_3/src"
make -C ps7_cortexa9_0/libsrc/gpiops_v3_3/src -s include  "SHELL=CMD" "COMPILER=arm-none-eabi-gcc" "ARCHIVER=arm-none-eabi-ar" "COMPILER_FLAGS=  -O2 -c" "EXTRA_COMPILER_FLAGS=-mcpu=cortex-a9 -mfpu=vfpv3 -mfloat-abi=hard -nostartfiles -Wall -Wextra"
"Running Make include in ps7_cortexa9_0/libsrc/iicps_v3_5/src"
make -C ps7_cortexa9_0/libsrc/iicps_v3_5/src -s include  "SHELL=CMD" "COMPILER=arm-none-eabi-gcc" "ARCHIVER=arm-none-eabi-ar" "COMPILER_FLAGS=  -O2 -c" "EXTRA_COMPILER_FLAGS=-mcpu=cortex-a9 -mfpu=vfpv3 -mfloat-abi=hard -nostartfiles -Wall -Wextra"
"Running Make include in ps7_cortexa9_0/libsrc/qspips_v3_3/src"
make -C ps7_cortexa9_0/libsrc/qspips_v3_3/src -s include  "SHELL=CMD" "COMPILER=arm-none-eabi-gcc" "ARCHIVER=arm-none-eabi-ar" "COMPILER_FLAGS=  -O2 -c" "EXTRA_COMPILER_FLAGS=-mcpu=cortex-a9 -mfpu=vfpv3 -mfloat-abi=hard -nostartfiles -Wall -Wextra"
"Running Make include in ps7_cortexa9_0/libsrc/scugic_v3_7/src"
make -C ps7_cortexa9_0/libsrc/scugic_v3_7/src -s include  "SHELL=CMD" "COMPILER=arm-none-eabi-gcc" "ARCHIVER=arm-none-eabi-ar" "COMPILER_FLAGS=  -O2 -c" "EXTRA_COMPILER_FLAGS=-mcpu=cortex-a9 -mfpu=vfpv3 -mfloat-abi=hard -nostartfiles -Wall -Wextra"
"Running Make include in ps7_cortexa9_0/libsrc/scutimer_v2_1/src"
make -C ps7_cortexa9_0/libsrc/scutimer_v2_1/src -s include  "SHELL=CMD" "COMPILER=arm-none-eabi-gcc" "ARCHIVER=arm-none-eabi-ar" "COMPILER_FLAGS=  -O2 -c" "EXTRA_COMPILER_FLAGS=-mcpu=cortex-a9 -mfpu=vfpv3 -mfloat-abi=hard -nostartfiles -Wall -Wextra"
"Running Make include in ps7_cortexa9_0/libsrc/scuwdt_v2_1/src"
make -C ps7_cortexa9_0/libsrc/scuwdt_v2_1/src -s include  "SHELL=CMD" "COMPILER=arm-none-eabi-gcc" "ARCHIVER=arm-none-eabi-ar" "COMPILER_FLAGS=  -O2 -c" "EXTRA_COMPILER_FLAGS=-mcpu=cortex-a9 -mfpu=vfpv3 -mfloat-abi=hard -nostartfiles -Wall -Wextra"
"Running Make include in ps7_cortexa9_0/libsrc/sdps_v3_2/src"
make -C ps7_cortexa9_0/libsrc/sdps_v3_2/src -s include  "SHELL=CMD" "COMPILER=arm-none-eabi-gcc" "ARCHIVER=arm-none-eabi-ar" "COMPILER_FLAGS=  -O2 -c" "EXTRA_COMPILER_FLAGS=-mcpu=cortex-a9 -mfpu=vfpv3 -mfloat-abi=hard -nostartfiles -Wall -Wextra"
"Running Make include in ps7_cortexa9_0/libsrc/standalone_v6_3/src"
make -C ps7_cortexa9_0/libsrc/standalone_v6_3/src -s include  "SHELL=CMD" "COMPILER=arm-none-eabi-gcc" "ARCHIVER=arm-none-eabi-ar" "COMPILER_FLAGS=  -O2 -c" "EXTRA_COMPILER_FLAGS=-mcpu=cortex-a9 -mfpu=vfpv3 -mfloat-abi=hard -nostartfiles -Wall -Wextra"
"Running Make include in ps7_cortexa9_0/libsrc/ttcps_v3_3/src"
make -C ps7_cortexa9_0/libsrc/ttcps_v3_3/src -s include  "SHELL=CMD" "COMPILER=arm-none-eabi-gcc" "ARCHIVER=arm-none-eabi-ar" "COMPILER_FLAGS=  -O2 -c" "EXTRA_COMPILER_FLAGS=-mcpu=cortex-a9 -mfpu=vfpv3 -mfloat-abi=hard -nostartfiles -Wall -Wextra"
"Running Make include in ps7_cortexa9_0/libsrc/uartps_v3_4/src"
make -C ps7_cortexa9_0/libsrc/uartps_v3_4/src -s include  "SHELL=CMD" "COMPILER=arm-none-eabi-gcc" "ARCHIVER=arm-none-eabi-ar" "COMPILER_FLAGS=  -O2 -c" "EXTRA_COMPILER_FLAGS=-mcpu=cortex-a9 -mfpu=vfpv3 -mfloat-abi=hard -nostartfiles -Wall -Wextra"
"Running Make include in ps7_cortexa9_0/libsrc/usbps_v2_4/src"
make -C ps7_cortexa9_0/libsrc/usbps_v2_4/src -s include  "SHELL=CMD" "COMPILER=arm-none-eabi-gcc" "ARCHIVER=arm-none-eabi-ar" "COMPILER_FLAGS=  -O2 -c" "EXTRA_COMPILER_FLAGS=-mcpu=cortex-a9 -mfpu=vfpv3 -mfloat-abi=hard -nostartfiles -Wall -Wextra"
"Running Make include in ps7_cortexa9_0/libsrc/xadcps_v2_2/src"
make -C ps7_cortexa9_0/libsrc/xadcps_v2_2/src -s include  "SHELL=CMD" "COMPILER=arm-none-eabi-gcc" "ARCHIVER=arm-none-eabi-ar" "COMPILER_FLAGS=  -O2 -c" "EXTRA_COMPILER_FLAGS=-mcpu=cortex-a9 -mfpu=vfpv3 -mfloat-abi=hard -nostartfiles -Wall -Wextra"
"Running Make libs in ps7_cortexa9_0/libsrc/coresightps_dcc_v1_4/src"
make -C ps7_cortexa9_0/libsrc/coresightps_dcc_v1_4/src -s libs  "SHELL=CMD" "COMPILER=arm-none-eabi-gcc" "ARCHIVER=arm-none-eabi-ar" "COMPILER_FLAGS=  -O2 -c" "EXTRA_COMPILER_FLAGS=-mcpu=cortex-a9 -mfpu=vfpv3 -mfloat-abi=hard -nostartfiles -Wall -Wextra"
"Compiling coresightps_dcc"
arm-none-eabi-ar: creating ../../../lib/libxil.a
"Running Make libs in ps7_cortexa9_0/libsrc/cpu_cortexa9_v2_4/src"
make -C ps7_cortexa9_0/libsrc/cpu_cortexa9_v2_4/src -s libs  "SHELL=CMD" "COMPILER=arm-none-eabi-gcc" "ARCHIVER=arm-none-eabi-ar" "COMPILER_FLAGS=  -O2 -c" "EXTRA_COMPILER_FLAGS=-mcpu=cortex-a9 -mfpu=vfpv3 -mfloat-abi=hard -nostartfiles -Wall -Wextra"
"Compiling cpu_cortexa9"
"Running Make libs in ps7_cortexa9_0/libsrc/ddrps_v1_0/src"
make -C ps7_cortexa9_0/libsrc/ddrps_v1_0/src -s libs  "SHELL=CMD" "COMPILER=arm-none-eabi-gcc" "ARCHIVER=arm-none-eabi-ar" "COMPILER_FLAGS=  -O2 -c" "EXTRA_COMPILER_FLAGS=-mcpu=cortex-a9 -mfpu=vfpv3 -mfloat-abi=hard -nostartfiles -Wall -Wextra"
"Compiling ddrps"
"Running Make libs in ps7_cortexa9_0/libsrc/devcfg_v3_4/src"
make -C ps7_cortexa9_0/libsrc/devcfg_v3_4/src -s libs  "SHELL=CMD" "COMPILER=arm-none-eabi-gcc" "ARCHIVER=arm-none-eabi-ar" "COMPILER_FLAGS=  -O2 -c" "EXTRA_COMPILER_FLAGS=-mcpu=cortex-a9 -mfpu=vfpv3 -mfloat-abi=hard -nostartfiles -Wall -Wextra"
"Compiling devcfg"
"Running Make libs in ps7_cortexa9_0/libsrc/dmaps_v2_3/src"
make -C ps7_cortexa9_0/libsrc/dmaps_v2_3/src -s libs  "SHELL=CMD" "COMPILER=arm-none-eabi-gcc" "ARCHIVER=arm-none-eabi-ar" "COMPILER_FLAGS=  -O2 -c" "EXTRA_COMPILER_FLAGS=-mcpu=cortex-a9 -mfpu=vfpv3 -mfloat-abi=hard -nostartfiles -Wall -Wextra"
"Compiling dmaps"
"Running Make libs in ps7_cortexa9_0/libsrc/emacps_v3_4/src"
make -C ps7_cortexa9_0/libsrc/emacps_v3_4/src -s libs  "SHELL=CMD" "COMPILER=arm-none-eabi-gcc" "ARCHIVER=arm-none-eabi-ar" "COMPILER_FLAGS=  -O2 -c" "EXTRA_COMPILER_FLAGS=-mcpu=cortex-a9 -mfpu=vfpv3 -mfloat-abi=hard -nostartfiles -Wall -Wextra"
"Compiling emacps"
"Running Make libs in ps7_cortexa9_0/libsrc/gpio_v4_3/src"
make -C ps7_cortexa9_0/libsrc/gpio_v4_3/src -s libs  "SHELL=CMD" "COMPILER=arm-none-eabi-gcc" "ARCHIVER=arm-none-eabi-ar" "COMPILER_FLAGS=  -O2 -c" "EXTRA_COMPILER_FLAGS=-mcpu=cortex-a9 -mfpu=vfpv3 -mfloat-abi=hard -nostartfiles -Wall -Wextra"
"Compiling gpio"
"Running Make libs in ps7_cortexa9_0/libsrc/gpiops_v3_3/src"
make -C ps7_cortexa9_0/libsrc/gpiops_v3_3/src -s libs  "SHELL=CMD" "COMPILER=arm-none-eabi-gcc" "ARCHIVER=arm-none-eabi-ar" "COMPILER_FLAGS=  -O2 -c" "EXTRA_COMPILER_FLAGS=-mcpu=cortex-a9 -mfpu=vfpv3 -mfloat-abi=hard -nostartfiles -Wall -Wextra"
"Compiling gpiops"
"Running Make libs in ps7_cortexa9_0/libsrc/iicps_v3_5/src"
make -C ps7_cortexa9_0/libsrc/iicps_v3_5/src -s libs  "SHELL=CMD" "COMPILER=arm-none-eabi-gcc" "ARCHIVER=arm-none-eabi-ar" "COMPILER_FLAGS=  -O2 -c" "EXTRA_COMPILER_FLAGS=-mcpu=cortex-a9 -mfpu=vfpv3 -mfloat-abi=hard -nostartfiles -Wall -Wextra"
"Compiling iicps"
"Running Make libs in ps7_cortexa9_0/libsrc/qspips_v3_3/src"
make -C ps7_cortexa9_0/libsrc/qspips_v3_3/src -s libs  "SHELL=CMD" "COMPILER=arm-none-eabi-gcc" "ARCHIVER=arm-none-eabi-ar" "COMPILER_FLAGS=  -O2 -c" "EXTRA_COMPILER_FLAGS=-mcpu=cortex-a9 -mfpu=vfpv3 -mfloat-abi=hard -nostartfiles -Wall -Wextra"
"Compiling qspips"
"Running Make libs in ps7_cortexa9_0/libsrc/scugic_v3_7/src"
make -C ps7_cortexa9_0/libsrc/scugic_v3_7/src -s libs  "SHELL=CMD" "COMPILER=arm-none-eabi-gcc" "ARCHIVER=arm-none-eabi-ar" "COMPILER_FLAGS=  -O2 -c" "EXTRA_COMPILER_FLAGS=-mcpu=cortex-a9 -mfpu=vfpv3 -mfloat-abi=hard -nostartfiles -Wall -Wextra"
"Compiling scugic"
xscugic_g.c:53:2: warning: missing initializer for field 'HandlerTable' of 'XScuGic_Config {aka struct <anonymous>}' [-Wmissing-field-initializers]
  }
  ^
In file included from xscugic_g.c:41:0:
xscugic.h:218:27: note: 'HandlerTable' declared here
  XScuGic_VectorTableEntry HandlerTable[XSCUGIC_MAX_NUM_INTR_INPUTS];/**<
                           ^~~~~~~~~~~~
"Running Make libs in ps7_cortexa9_0/libsrc/scutimer_v2_1/src"
make -C ps7_cortexa9_0/libsrc/scutimer_v2_1/src -s libs  "SHELL=CMD" "COMPILER=arm-none-eabi-gcc" "ARCHIVER=arm-none-eabi-ar" "COMPILER_FLAGS=  -O2 -c" "EXTRA_COMPILER_FLAGS=-mcpu=cortex-a9 -mfpu=vfpv3 -mfloat-abi=hard -nostartfiles -Wall -Wextra"
"Compiling scutimer"
"Running Make libs in ps7_cortexa9_0/libsrc/scuwdt_v2_1/src"
make -C ps7_cortexa9_0/libsrc/scuwdt_v2_1/src -s libs  "SHELL=CMD" "COMPILER=arm-none-eabi-gcc" "ARCHIVER=arm-none-eabi-ar" "COMPILER_FLAGS=  -O2 -c" "EXTRA_COMPILER_FLAGS=-mcpu=cortex-a9 -mfpu=vfpv3 -mfloat-abi=hard -nostartfiles -Wall -Wextra"
"Compiling scuwdt"
"Running Make libs in ps7_cortexa9_0/libsrc/sdps_v3_2/src"
make -C ps7_cortexa9_0/libsrc/sdps_v3_2/src -s libs  "SHELL=CMD" "COMPILER=arm-none-eabi-gcc" "ARCHIVER=arm-none-eabi-ar" "COMPILER_FLAGS=  -O2 -c" "EXTRA_COMPILER_FLAGS=-mcpu=cortex-a9 -mfpu=vfpv3 -mfloat-abi=hard -nostartfiles -Wall -Wextra"
"Compiling sdps"
"Running Make libs in ps7_cortexa9_0/libsrc/standalone_v6_3/src"
make -C ps7_cortexa9_0/libsrc/standalone_v6_3/src -s libs  "SHELL=CMD" "COMPILER=arm-none-eabi-gcc" "ARCHIVER=arm-none-eabi-ar" "COMPILER_FLAGS=  -O2 -c" "EXTRA_COMPILER_FLAGS=-mcpu=cortex-a9 -mfpu=vfpv3 -mfloat-abi=hard -nostartfiles -Wall -Wextra"
"Compiling standalone"
"Running Make libs in ps7_cortexa9_0/libsrc/ttcps_v3_3/src"
make -C ps7_cortexa9_0/libsrc/ttcps_v3_3/src -s libs  "SHELL=CMD" "COMPILER=arm-none-eabi-gcc" "ARCHIVER=arm-none-eabi-ar" "COMPILER_FLAGS=  -O2 -c" "EXTRA_COMPILER_FLAGS=-mcpu=cortex-a9 -mfpu=vfpv3 -mfloat-abi=hard -nostartfiles -Wall -Wextra"
"Compiling ttcps"
"Running Make libs in ps7_cortexa9_0/libsrc/uartps_v3_4/src"
make -C ps7_cortexa9_0/libsrc/uartps_v3_4/src -s libs  "SHELL=CMD" "COMPILER=arm-none-eabi-gcc" "ARCHIVER=arm-none-eabi-ar" "COMPILER_FLAGS=  -O2 -c" "EXTRA_COMPILER_FLAGS=-mcpu=cortex-a9 -mfpu=vfpv3 -mfloat-abi=hard -nostartfiles -Wall -Wextra"
"Compiling uartps"
"Running Make libs in ps7_cortexa9_0/libsrc/usbps_v2_4/src"
make -C ps7_cortexa9_0/libsrc/usbps_v2_4/src -s libs  "SHELL=CMD" "COMPILER=arm-none-eabi-gcc" "ARCHIVER=arm-none-eabi-ar" "COMPILER_FLAGS=  -O2 -c" "EXTRA_COMPILER_FLAGS=-mcpu=cortex-a9 -mfpu=vfpv3 -mfloat-abi=hard -nostartfiles -Wall -Wextra"
"Compiling usbps"
"Running Make libs in ps7_cortexa9_0/libsrc/xadcps_v2_2/src"
make -C ps7_cortexa9_0/libsrc/xadcps_v2_2/src -s libs  "SHELL=CMD" "COMPILER=arm-none-eabi-gcc" "ARCHIVER=arm-none-eabi-ar" "COMPILER_FLAGS=  -O2 -c" "EXTRA_COMPILER_FLAGS=-mcpu=cortex-a9 -mfpu=vfpv3 -mfloat-abi=hard -nostartfiles -Wall -Wextra"
"Compiling xadcps"
'Finished building libraries'
12:01:43 **** Build of configuration Debug for project Embedded_Exercise_normal ****
make pre-build main-build 
a9-linaro-pre-build-step
' '
'Building file: ../src/Interrupt_setup.c'
'Invoking: ARM v7 gcc compiler'
arm-none-eabi-gcc -Wall -O0 -g3 -c -fmessage-length=0 -MT"src/Interrupt_setup.o" -mcpu=cortex-a9 -mfpu=vfpv3 -mfloat-abi=hard -I../../Embedded_Exercise_bsp/ps7_cortexa9_0/include -MMD -MP -MF"src/Interrupt_setup.d" -MT"src/Interrupt_setup.o" -o "src/Interrupt_setup.o" "../src/Interrupt_setup.c"
../src/Interrupt_setup.c: In function 'SetupTimerInt1':
../src/Interrupt_setup.c:103:6: warning: unused variable 'a' [-Wunused-variable]
  int a=0;
      ^
../src/Interrupt_setup.c: In function 'SetupTimerInt':
../src/Interrupt_setup.c:82:1: warning: control reaches end of non-void function [-Wreturn-type]
 }
 ^
../src/Interrupt_setup.c: In function 'SetupTimerInt1':
../src/Interrupt_setup.c:122:1: warning: control reaches end of non-void function [-Wreturn-type]
 }
 ^
../src/Interrupt_setup.c: In function 'SetupGpioInterruptSystem':
../src/Interrupt_setup.c:176:1: warning: control reaches end of non-void function [-Wreturn-type]
 }
 ^
'Finished building: ../src/Interrupt_setup.c'
' '
'Building file: ../src/Pixel.c'
'Invoking: ARM v7 gcc compiler'
arm-none-eabi-gcc -Wall -O0 -g3 -c -fmessage-length=0 -MT"src/Pixel.o" -mcpu=cortex-a9 -mfpu=vfpv3 -mfloat-abi=hard -I../../Embedded_Exercise_bsp/ps7_cortexa9_0/include -MMD -MP -MF"src/Pixel.d" -MT"src/Pixel.o" -o "src/Pixel.o" "../src/Pixel.c"
'Finished building: ../src/Pixel.c'
' '
'Building file: ../src/blinker.S'
'Invoking: ARM v7 gcc compiler'
arm-none-eabi-gcc -Wall -O0 -g3 -c -fmessage-length=0 -MT"src/blinker.o" -mcpu=cortex-a9 -mfpu=vfpv3 -mfloat-abi=hard -I../../Embedded_Exercise_bsp/ps7_cortexa9_0/include -MMD -MP -MF"src/blinker.d" -MT"src/blinker.o" -o "src/blinker.o" "../src/blinker.S"
'Finished building: ../src/blinker.S'
' '
'Building file: ../src/led_matrix_driver.S'
'Invoking: ARM v7 gcc compiler'
arm-none-eabi-gcc -Wall -O0 -g3 -c -fmessage-length=0 -MT"src/led_matrix_driver.o" -mcpu=cortex-a9 -mfpu=vfpv3 -mfloat-abi=hard -I../../Embedded_Exercise_bsp/ps7_cortexa9_0/include -MMD -MP -MF"src/led_matrix_driver.d" -MT"src/led_matrix_driver.o" -o "src/led_matrix_driver.o" "../src/led_matrix_driver.S"
'Finished building: ../src/led_matrix_driver.S'
' '
'Building file: ../src/main.c'
'Invoking: ARM v7 gcc compiler'
arm-none-eabi-gcc -Wall -O0 -g3 -c -fmessage-length=0 -MT"src/main.o" -mcpu=cortex-a9 -mfpu=vfpv3 -mfloat-abi=hard -I../../Embedded_Exercise_bsp/ps7_cortexa9_0/include -MMD -MP -MF"src/main.d" -MT"src/main.o" -o "src/main.o" "../src/main.c"
'Finished building: ../src/main.c'
' '
'Building file: ../src/platform.c'
'Invoking: ARM v7 gcc compiler'
arm-none-eabi-gcc -Wall -O0 -g3 -c -fmessage-length=0 -MT"src/platform.o" -mcpu=cortex-a9 -mfpu=vfpv3 -mfloat-abi=hard -I../../Embedded_Exercise_bsp/ps7_cortexa9_0/include -MMD -MP -MF"src/platform.d" -MT"src/platform.o" -o "src/platform.o" "../src/platform.c"
'Finished building: ../src/platform.c'
' '
'Building target: Embedded_Exercise_normal.elf'
'Invoking: ARM v7 gcc linker'
arm-none-eabi-gcc -mcpu=cortex-a9 -mfpu=vfpv3 -mfloat-abi=hard -Wl,-build-id=none -specs=Xilinx.spec -Wl,-T -Wl,../src/lscript.ld -L../../Embedded_Exercise_bsp/ps7_cortexa9_0/lib -o "Embedded_Exercise_normal.elf"  ./src/Interrupt_setup.o ./src/Pixel.o ./src/blinker.o ./src/led_matrix_driver.o ./src/main.o ./src/platform.o   -Wl,--start-group,-lxil,-lgcc,-lc,--end-group
'Finished building target: Embedded_Exercise_normal.elf'
' '
'Invoking: ARM v7 Print Size'
arm-none-eabi-size Embedded_Exercise_normal.elf  |tee "Embedded_Exercise_normal.elf.size"
   text	   data	    bss	    dec	    hex	filename
  33688	   2828	  22856	  59372	   e7ec	Embedded_Exercise_normal.elf
'Finished building: Embedded_Exercise_normal.elf.size'
' '
11:00:05 **** Incremental Build of configuration Debug for project Embedded_Exercise_normal ****
make pre-build main-build 
a9-linaro-pre-build-step
' '
make: Nothing to be done for 'main-build'.
14:02:32 **** Auto Build of configuration Debug for project Embedded_Exercise_normal ****
make pre-build main-build 
a9-linaro-pre-build-step
' '
'Building file: ../src/main.c'
'Invoking: ARM v7 gcc compiler'
arm-none-eabi-gcc -Wall -O0 -g3 -c -fmessage-length=0 -MT"src/main.o" -mcpu=cortex-a9 -mfpu=vfpv3 -mfloat-abi=hard -I../../Embedded_Exercise_bsp/ps7_cortexa9_0/include -MMD -MP -MF"src/main.d" -MT"src/main.o" -o "src/main.o" "../src/main.c"
'Finished building: ../src/main.c'
' '
'Building target: Embedded_Exercise_normal.elf'
'Invoking: ARM v7 gcc linker'
arm-none-eabi-gcc -mcpu=cortex-a9 -mfpu=vfpv3 -mfloat-abi=hard -Wl,-build-id=none -specs=Xilinx.spec -Wl,-T -Wl,../src/lscript.ld -L../../Embedded_Exercise_bsp/ps7_cortexa9_0/lib -o "Embedded_Exercise_normal.elf"  ./src/Interrupt_setup.o ./src/Pixel.o ./src/blinker.o ./src/led_matrix_driver.o ./src/main.o ./src/platform.o   -Wl,--start-group,-lxil,-lgcc,-lc,--end-group
'Finished building target: Embedded_Exercise_normal.elf'
' '
'Invoking: ARM v7 Print Size'
arm-none-eabi-size Embedded_Exercise_normal.elf  |tee "Embedded_Exercise_normal.elf.size"
   text	   data	    bss	    dec	    hex	filename
  33464	   2824	  22856	  59144	   e708	Embedded_Exercise_normal.elf
'Finished building: Embedded_Exercise_normal.elf.size'
' '
14:06:37 **** Auto Build of configuration Debug for project Embedded_Exercise_normal ****
make pre-build main-build 
a9-linaro-pre-build-step
' '
'Building file: ../src/Pixel.c'
'Invoking: ARM v7 gcc compiler'
arm-none-eabi-gcc -Wall -O0 -g3 -c -fmessage-length=0 -MT"src/Pixel.o" -mcpu=cortex-a9 -mfpu=vfpv3 -mfloat-abi=hard -I../../Embedded_Exercise_bsp/ps7_cortexa9_0/include -MMD -MP -MF"src/Pixel.d" -MT"src/Pixel.o" -o "src/Pixel.o" "../src/Pixel.c"
'Finished building: ../src/Pixel.c'
' '
'Building target: Embedded_Exercise_normal.elf'
'Invoking: ARM v7 gcc linker'
arm-none-eabi-gcc -mcpu=cortex-a9 -mfpu=vfpv3 -mfloat-abi=hard -Wl,-build-id=none -specs=Xilinx.spec -Wl,-T -Wl,../src/lscript.ld -L../../Embedded_Exercise_bsp/ps7_cortexa9_0/lib -o "Embedded_Exercise_normal.elf"  ./src/Interrupt_setup.o ./src/Pixel.o ./src/blinker.o ./src/led_matrix_driver.o ./src/main.o ./src/platform.o   -Wl,--start-group,-lxil,-lgcc,-lc,--end-group
'Finished building target: Embedded_Exercise_normal.elf'
' '
'Invoking: ARM v7 Print Size'
arm-none-eabi-size Embedded_Exercise_normal.elf  |tee "Embedded_Exercise_normal.elf.size"
   text	   data	    bss	    dec	    hex	filename
  33464	   2824	  22856	  59144	   e708	Embedded_Exercise_normal.elf
'Finished building: Embedded_Exercise_normal.elf.size'
' '
14:06:41 **** Auto Build of configuration Debug for project Embedded_Exercise_normal ****
make pre-build main-build 
a9-linaro-pre-build-step
' '
'Building file: ../src/Pixel.c'
'Invoking: ARM v7 gcc compiler'
arm-none-eabi-gcc -Wall -O0 -g3 -c -fmessage-length=0 -MT"src/Pixel.o" -mcpu=cortex-a9 -mfpu=vfpv3 -mfloat-abi=hard -I../../Embedded_Exercise_bsp/ps7_cortexa9_0/include -MMD -MP -MF"src/Pixel.d" -MT"src/Pixel.o" -o "src/Pixel.o" "../src/Pixel.c"
'Finished building: ../src/Pixel.c'
' '
'Building file: ../src/main.c'
'Invoking: ARM v7 gcc compiler'
arm-none-eabi-gcc -Wall -O0 -g3 -c -fmessage-length=0 -MT"src/main.o" -mcpu=cortex-a9 -mfpu=vfpv3 -mfloat-abi=hard -I../../Embedded_Exercise_bsp/ps7_cortexa9_0/include -MMD -MP -MF"src/main.d" -MT"src/main.o" -o "src/main.o" "../src/main.c"
'Finished building: ../src/main.c'
' '
'Building target: Embedded_Exercise_normal.elf'
'Invoking: ARM v7 gcc linker'
arm-none-eabi-gcc -mcpu=cortex-a9 -mfpu=vfpv3 -mfloat-abi=hard -Wl,-build-id=none -specs=Xilinx.spec -Wl,-T -Wl,../src/lscript.ld -L../../Embedded_Exercise_bsp/ps7_cortexa9_0/lib -o "Embedded_Exercise_normal.elf"  ./src/Interrupt_setup.o ./src/Pixel.o ./src/blinker.o ./src/led_matrix_driver.o ./src/main.o ./src/platform.o   -Wl,--start-group,-lxil,-lgcc,-lc,--end-group
'Finished building target: Embedded_Exercise_normal.elf'
' '
'Invoking: ARM v7 Print Size'
arm-none-eabi-size Embedded_Exercise_normal.elf  |tee "Embedded_Exercise_normal.elf.size"
   text	   data	    bss	    dec	    hex	filename
  33464	   2824	  22856	  59144	   e708	Embedded_Exercise_normal.elf
'Finished building: Embedded_Exercise_normal.elf.size'
' '
14:08:49 **** Auto Build of configuration Debug for project Embedded_Exercise_normal ****
make pre-build main-build 
a9-linaro-pre-build-step
' '
'Building file: ../src/blinker.S'
'Invoking: ARM v7 gcc compiler'
arm-none-eabi-gcc -Wall -O0 -g3 -c -fmessage-length=0 -MT"src/blinker.o" -mcpu=cortex-a9 -mfpu=vfpv3 -mfloat-abi=hard -I../../Embedded_Exercise_bsp/ps7_cortexa9_0/include -MMD -MP -MF"src/blinker.d" -MT"src/blinker.o" -o "src/blinker.o" "../src/blinker.S"
'Finished building: ../src/blinker.S'
' '
'Building target: Embedded_Exercise_normal.elf'
'Invoking: ARM v7 gcc linker'
arm-none-eabi-gcc -mcpu=cortex-a9 -mfpu=vfpv3 -mfloat-abi=hard -Wl,-build-id=none -specs=Xilinx.spec -Wl,-T -Wl,../src/lscript.ld -L../../Embedded_Exercise_bsp/ps7_cortexa9_0/lib -o "Embedded_Exercise_normal.elf"  ./src/Interrupt_setup.o ./src/Pixel.o ./src/blinker.o ./src/led_matrix_driver.o ./src/main.o ./src/platform.o   -Wl,--start-group,-lxil,-lgcc,-lc,--end-group
'Finished building target: Embedded_Exercise_normal.elf'
' '
'Invoking: ARM v7 Print Size'
arm-none-eabi-size Embedded_Exercise_normal.elf  |tee "Embedded_Exercise_normal.elf.size"
   text	   data	    bss	    dec	    hex	filename
  33464	   2824	  22856	  59144	   e708	Embedded_Exercise_normal.elf
'Finished building: Embedded_Exercise_normal.elf.size'
' '
14:11:00 **** Clean-only build of configuration Debug for project Embedded_Exercise_normal ****
make clean 
rm -rf  ./src/Interrupt_setup.o ./src/Pixel.o ./src/blinker.o ./src/led_matrix_driver.o ./src/main.o ./src/platform.o  ./src/blinker.d ./src/led_matrix_driver.d  ./src/Interrupt_setup.d ./src/Pixel.d ./src/main.d ./src/platform.d  Embedded_Exercise_normal.elf.size  Embedded_Exercise_normal.elf
' '
14:11:00 **** Auto Build of configuration Debug for project Embedded_Exercise_normal ****
make pre-build main-build 
a9-linaro-pre-build-step
' '
'Building file: ../src/Interrupt_setup.c'
'Invoking: ARM v7 gcc compiler'
arm-none-eabi-gcc -Wall -O0 -g3 -c -fmessage-length=0 -MT"src/Interrupt_setup.o" -mcpu=cortex-a9 -mfpu=vfpv3 -mfloat-abi=hard -I../../Embedded_Exercise_bsp/ps7_cortexa9_0/include -MMD -MP -MF"src/Interrupt_setup.d" -MT"src/Interrupt_setup.o" -o "src/Interrupt_setup.o" "../src/Interrupt_setup.c"
../src/Interrupt_setup.c: In function 'SetupTimerInt1':
../src/Interrupt_setup.c:103:6: warning: unused variable 'a' [-Wunused-variable]
  int a=0;
      ^
../src/Interrupt_setup.c: In function 'SetupTimerInt':
../src/Interrupt_setup.c:82:1: warning: control reaches end of non-void function [-Wreturn-type]
 }
 ^
../src/Interrupt_setup.c: In function 'SetupTimerInt1':
../src/Interrupt_setup.c:122:1: warning: control reaches end of non-void function [-Wreturn-type]
 }
 ^
../src/Interrupt_setup.c: In function 'SetupGpioInterruptSystem':
../src/Interrupt_setup.c:176:1: warning: control reaches end of non-void function [-Wreturn-type]
 }
 ^
'Finished building: ../src/Interrupt_setup.c'
' '
'Building file: ../src/Pixel.c'
'Invoking: ARM v7 gcc compiler'
arm-none-eabi-gcc -Wall -O0 -g3 -c -fmessage-length=0 -MT"src/Pixel.o" -mcpu=cortex-a9 -mfpu=vfpv3 -mfloat-abi=hard -I../../Embedded_Exercise_bsp/ps7_cortexa9_0/include -MMD -MP -MF"src/Pixel.d" -MT"src/Pixel.o" -o "src/Pixel.o" "../src/Pixel.c"
'Finished building: ../src/Pixel.c'
' '
'Building file: ../src/blinker.S'
'Invoking: ARM v7 gcc compiler'
arm-none-eabi-gcc -Wall -O0 -g3 -c -fmessage-length=0 -MT"src/blinker.o" -mcpu=cortex-a9 -mfpu=vfpv3 -mfloat-abi=hard -I../../Embedded_Exercise_bsp/ps7_cortexa9_0/include -MMD -MP -MF"src/blinker.d" -MT"src/blinker.o" -o "src/blinker.o" "../src/blinker.S"
'Finished building: ../src/blinker.S'
' '
'Building file: ../src/main.c'
'Invoking: ARM v7 gcc compiler'
arm-none-eabi-gcc -Wall -O0 -g3 -c -fmessage-length=0 -MT"src/main.o" -mcpu=cortex-a9 -mfpu=vfpv3 -mfloat-abi=hard -I../../Embedded_Exercise_bsp/ps7_cortexa9_0/include -MMD -MP -MF"src/main.d" -MT"src/main.o" -o "src/main.o" "../src/main.c"
'Finished building: ../src/main.c'
' '
'Building file: ../src/platform.c'
'Invoking: ARM v7 gcc compiler'
arm-none-eabi-gcc -Wall -O0 -g3 -c -fmessage-length=0 -MT"src/platform.o" -mcpu=cortex-a9 -mfpu=vfpv3 -mfloat-abi=hard -I../../Embedded_Exercise_bsp/ps7_cortexa9_0/include -MMD -MP -MF"src/platform.d" -MT"src/platform.o" -o "src/platform.o" "../src/platform.c"
'Finished building: ../src/platform.c'
' '
'Building target: Embedded_Exercise_normal.elf'
'Invoking: ARM v7 gcc linker'
arm-none-eabi-gcc -mcpu=cortex-a9 -mfpu=vfpv3 -mfloat-abi=hard -Wl,-build-id=none -specs=Xilinx.spec -Wl,-T -Wl,../src/lscript.ld -L../../Embedded_Exercise_bsp/ps7_cortexa9_0/lib -o "Embedded_Exercise_normal.elf"  ./src/Interrupt_setup.o ./src/Pixel.o ./src/blinker.o ./src/main.o ./src/platform.o   -Wl,--start-group,-lxil,-lgcc,-lc,--end-group
'Finished building target: Embedded_Exercise_normal.elf'
' '
'Invoking: ARM v7 Print Size'
arm-none-eabi-size Embedded_Exercise_normal.elf  |tee "Embedded_Exercise_normal.elf.size"
   text	   data	    bss	    dec	    hex	filename
  33008	   2824	  22856	  58688	   e540	Embedded_Exercise_normal.elf
'Finished building: Embedded_Exercise_normal.elf.size'
' '
14:13:38 **** Auto Build of configuration Debug for project Embedded_Exercise_normal ****
make pre-build main-build 
a9-linaro-pre-build-step
' '
'Building file: ../src/Pixel.c'
'Invoking: ARM v7 gcc compiler'
arm-none-eabi-gcc -Wall -O0 -g3 -c -fmessage-length=0 -MT"src/Pixel.o" -mcpu=cortex-a9 -mfpu=vfpv3 -mfloat-abi=hard -I../../Embedded_Exercise_bsp/ps7_cortexa9_0/include -MMD -MP -MF"src/Pixel.d" -MT"src/Pixel.o" -o "src/Pixel.o" "../src/Pixel.c"
'Finished building: ../src/Pixel.c'
' '
'Building target: Embedded_Exercise_normal.elf'
'Invoking: ARM v7 gcc linker'
arm-none-eabi-gcc -mcpu=cortex-a9 -mfpu=vfpv3 -mfloat-abi=hard -Wl,-build-id=none -specs=Xilinx.spec -Wl,-T -Wl,../src/lscript.ld -L../../Embedded_Exercise_bsp/ps7_cortexa9_0/lib -o "Embedded_Exercise_normal.elf"  ./src/Interrupt_setup.o ./src/Pixel.o ./src/blinker.o ./src/main.o ./src/platform.o   -Wl,--start-group,-lxil,-lgcc,-lc,--end-group
'Finished building target: Embedded_Exercise_normal.elf'
' '
'Invoking: ARM v7 Print Size'
arm-none-eabi-size Embedded_Exercise_normal.elf  |tee "Embedded_Exercise_normal.elf.size"
   text	   data	    bss	    dec	    hex	filename
  33008	   2824	  22856	  58688	   e540	Embedded_Exercise_normal.elf
'Finished building: Embedded_Exercise_normal.elf.size'
' '
13:58:46 **** Auto Build of project Embedded_Exercise_bsp ****
make -k all 
makefile:33: config.make: No such file or directory
make: *** Kohteen "config.make" tuottamiseen ei ole sääntöä.
make: Makefile-tiedoston "config.make" uudelleentuottaminen epäonnistui.
make: *** Kohteen "all" tuottamiseen ei ole sääntöä.
13:58:48 **** Auto Build of configuration Debug for project Embedded_Exercise_normal ****
make pre-build main-build 
a9-linaro-pre-build-step
' '
'Building file: ../src/Pixel.c'
'Invoking: ARM v7 gcc compiler'
arm-none-eabi-gcc -Wall -O0 -g3 -c -fmessage-length=0 -MT"src/Pixel.o" -mcpu=cortex-a9 -mfpu=vfpv3 -mfloat-abi=hard -I../../Embedded_Exercise_bsp/ps7_cortexa9_0/include -MMD -MP -MF"src/Pixel.d" -MT"src/Pixel.o" -o "src/Pixel.o" "../src/Pixel.c"
'Finished building: ../src/Pixel.c'
' '
'Building file: ../src/blinker.S'
'Invoking: ARM v7 gcc compiler'
arm-none-eabi-gcc -Wall -O0 -g3 -c -fmessage-length=0 -MT"src/blinker.o" -mcpu=cortex-a9 -mfpu=vfpv3 -mfloat-abi=hard -I../../Embedded_Exercise_bsp/ps7_cortexa9_0/include -MMD -MP -MF"src/blinker.d" -MT"src/blinker.o" -o "src/blinker.o" "../src/blinker.S"
'Finished building: ../src/blinker.S'
' '
'Building file: ../src/main.c'
'Invoking: ARM v7 gcc compiler'
arm-none-eabi-gcc -Wall -O0 -g3 -c -fmessage-length=0 -MT"src/main.o" -mcpu=cortex-a9 -mfpu=vfpv3 -mfloat-abi=hard -I../../Embedded_Exercise_bsp/ps7_cortexa9_0/include -MMD -MP -MF"src/main.d" -MT"src/main.o" -o "src/main.o" "../src/main.c"
'Finished building: ../src/main.c'
' '
'Building target: Embedded_Exercise_normal.elf'
'Invoking: ARM v7 gcc linker'
arm-none-eabi-gcc -mcpu=cortex-a9 -mfpu=vfpv3 -mfloat-abi=hard -Wl,-build-id=none -specs=Xilinx.spec -Wl,-T -Wl,../src/lscript.ld -L../../Embedded_Exercise_bsp/ps7_cortexa9_0/lib -o "Embedded_Exercise_normal.elf"  ./src/Interrupt_setup.o ./src/Pixel.o ./src/blinker.o ./src/main.o ./src/platform.o   -Wl,--start-group,-lxil,-lgcc,-lc,--end-group
'Finished building target: Embedded_Exercise_normal.elf'
' '
'Invoking: ARM v7 Print Size'
arm-none-eabi-size Embedded_Exercise_normal.elf  |tee "Embedded_Exercise_normal.elf.size"
   text	   data	    bss	    dec	    hex	filename
  33236	   2828	  22856	  58920	   e628	Embedded_Exercise_normal.elf
'Finished building: Embedded_Exercise_normal.elf.size'
' '
14:00:55 **** Clean-only build of project Embedded_Exercise_bsp ****
make -k clean 
make -C ps7_cortexa9_0/libsrc/coresightps_dcc_v1_4/src -s clean 
make -C ps7_cortexa9_0/libsrc/cpu_cortexa9_v2_4/src -s clean 
make -C ps7_cortexa9_0/libsrc/ddrps_v1_0/src -s clean 
make -C ps7_cortexa9_0/libsrc/devcfg_v3_4/src -s clean 
make -C ps7_cortexa9_0/libsrc/dmaps_v2_3/src -s clean 
make -C ps7_cortexa9_0/libsrc/emacps_v3_4/src -s clean 
make -C ps7_cortexa9_0/libsrc/gpio_v4_3/src -s clean 
make -C ps7_cortexa9_0/libsrc/gpiops_v3_3/src -s clean 
make -C ps7_cortexa9_0/libsrc/iicps_v3_5/src -s clean 
make -C ps7_cortexa9_0/libsrc/qspips_v3_3/src -s clean 
make -C ps7_cortexa9_0/libsrc/scugic_v3_7/src -s clean 
make -C ps7_cortexa9_0/libsrc/scutimer_v2_1/src -s clean 
make -C ps7_cortexa9_0/libsrc/scuwdt_v2_1/src -s clean 
make -C ps7_cortexa9_0/libsrc/sdps_v3_2/src -s clean 
make -C ps7_cortexa9_0/libsrc/standalone_v6_3/src -s clean 
make -C ps7_cortexa9_0/libsrc/ttcps_v3_3/src -s clean 
make -C ps7_cortexa9_0/libsrc/uartps_v3_4/src -s clean 
make -C ps7_cortexa9_0/libsrc/usbps_v2_4/src -s clean 
make -C ps7_cortexa9_0/libsrc/xadcps_v2_2/src -s clean 
rm -f ps7_cortexa9_0/lib/libxil.a
14:01:03 **** Clean-only build of configuration Debug for project Embedded_Exercise_normal ****
make clean 
rm -rf  ./src/Interrupt_setup.o ./src/Pixel.o ./src/blinker.o ./src/main.o ./src/platform.o  ./src/blinker.d  ./src/Interrupt_setup.d ./src/Pixel.d ./src/main.d ./src/platform.d  Embedded_Exercise_normal.elf.size  Embedded_Exercise_normal.elf
' '
14:01:05 **** Build of project Embedded_Exercise_bsp ****
make -k all 
"Running Make include in ps7_cortexa9_0/libsrc/coresightps_dcc_v1_4/src"
make -C ps7_cortexa9_0/libsrc/coresightps_dcc_v1_4/src -s include  "SHELL=CMD" "COMPILER=arm-none-eabi-gcc" "ARCHIVER=arm-none-eabi-ar" "COMPILER_FLAGS=  -O2 -c" "EXTRA_COMPILER_FLAGS=-mcpu=cortex-a9 -mfpu=vfpv3 -mfloat-abi=hard -nostartfiles -Wall -Wextra"
"Running Make include in ps7_cortexa9_0/libsrc/cpu_cortexa9_v2_4/src"
make -C ps7_cortexa9_0/libsrc/cpu_cortexa9_v2_4/src -s include  "SHELL=CMD" "COMPILER=arm-none-eabi-gcc" "ARCHIVER=arm-none-eabi-ar" "COMPILER_FLAGS=  -O2 -c" "EXTRA_COMPILER_FLAGS=-mcpu=cortex-a9 -mfpu=vfpv3 -mfloat-abi=hard -nostartfiles -Wall -Wextra"
"Running Make include in ps7_cortexa9_0/libsrc/ddrps_v1_0/src"
make -C ps7_cortexa9_0/libsrc/ddrps_v1_0/src -s include  "SHELL=CMD" "COMPILER=arm-none-eabi-gcc" "ARCHIVER=arm-none-eabi-ar" "COMPILER_FLAGS=  -O2 -c" "EXTRA_COMPILER_FLAGS=-mcpu=cortex-a9 -mfpu=vfpv3 -mfloat-abi=hard -nostartfiles -Wall -Wextra"
"Running Make include in ps7_cortexa9_0/libsrc/devcfg_v3_4/src"
make -C ps7_cortexa9_0/libsrc/devcfg_v3_4/src -s include  "SHELL=CMD" "COMPILER=arm-none-eabi-gcc" "ARCHIVER=arm-none-eabi-ar" "COMPILER_FLAGS=  -O2 -c" "EXTRA_COMPILER_FLAGS=-mcpu=cortex-a9 -mfpu=vfpv3 -mfloat-abi=hard -nostartfiles -Wall -Wextra"
"Running Make include in ps7_cortexa9_0/libsrc/dmaps_v2_3/src"
make -C ps7_cortexa9_0/libsrc/dmaps_v2_3/src -s include  "SHELL=CMD" "COMPILER=arm-none-eabi-gcc" "ARCHIVER=arm-none-eabi-ar" "COMPILER_FLAGS=  -O2 -c" "EXTRA_COMPILER_FLAGS=-mcpu=cortex-a9 -mfpu=vfpv3 -mfloat-abi=hard -nostartfiles -Wall -Wextra"
"Running Make include in ps7_cortexa9_0/libsrc/emacps_v3_4/src"
make -C ps7_cortexa9_0/libsrc/emacps_v3_4/src -s include  "SHELL=CMD" "COMPILER=arm-none-eabi-gcc" "ARCHIVER=arm-none-eabi-ar" "COMPILER_FLAGS=  -O2 -c" "EXTRA_COMPILER_FLAGS=-mcpu=cortex-a9 -mfpu=vfpv3 -mfloat-abi=hard -nostartfiles -Wall -Wextra"
"Running Make include in ps7_cortexa9_0/libsrc/gpio_v4_3/src"
make -C ps7_cortexa9_0/libsrc/gpio_v4_3/src -s include  "SHELL=CMD" "COMPILER=arm-none-eabi-gcc" "ARCHIVER=arm-none-eabi-ar" "COMPILER_FLAGS=  -O2 -c" "EXTRA_COMPILER_FLAGS=-mcpu=cortex-a9 -mfpu=vfpv3 -mfloat-abi=hard -nostartfiles -Wall -Wextra"
"Running Make include in ps7_cortexa9_0/libsrc/gpiops_v3_3/src"
make -C ps7_cortexa9_0/libsrc/gpiops_v3_3/src -s include  "SHELL=CMD" "COMPILER=arm-none-eabi-gcc" "ARCHIVER=arm-none-eabi-ar" "COMPILER_FLAGS=  -O2 -c" "EXTRA_COMPILER_FLAGS=-mcpu=cortex-a9 -mfpu=vfpv3 -mfloat-abi=hard -nostartfiles -Wall -Wextra"
"Running Make include in ps7_cortexa9_0/libsrc/iicps_v3_5/src"
make -C ps7_cortexa9_0/libsrc/iicps_v3_5/src -s include  "SHELL=CMD" "COMPILER=arm-none-eabi-gcc" "ARCHIVER=arm-none-eabi-ar" "COMPILER_FLAGS=  -O2 -c" "EXTRA_COMPILER_FLAGS=-mcpu=cortex-a9 -mfpu=vfpv3 -mfloat-abi=hard -nostartfiles -Wall -Wextra"
"Running Make include in ps7_cortexa9_0/libsrc/qspips_v3_3/src"
make -C ps7_cortexa9_0/libsrc/qspips_v3_3/src -s include  "SHELL=CMD" "COMPILER=arm-none-eabi-gcc" "ARCHIVER=arm-none-eabi-ar" "COMPILER_FLAGS=  -O2 -c" "EXTRA_COMPILER_FLAGS=-mcpu=cortex-a9 -mfpu=vfpv3 -mfloat-abi=hard -nostartfiles -Wall -Wextra"
"Running Make include in ps7_cortexa9_0/libsrc/scugic_v3_7/src"
make -C ps7_cortexa9_0/libsrc/scugic_v3_7/src -s include  "SHELL=CMD" "COMPILER=arm-none-eabi-gcc" "ARCHIVER=arm-none-eabi-ar" "COMPILER_FLAGS=  -O2 -c" "EXTRA_COMPILER_FLAGS=-mcpu=cortex-a9 -mfpu=vfpv3 -mfloat-abi=hard -nostartfiles -Wall -Wextra"
"Running Make include in ps7_cortexa9_0/libsrc/scutimer_v2_1/src"
make -C ps7_cortexa9_0/libsrc/scutimer_v2_1/src -s include  "SHELL=CMD" "COMPILER=arm-none-eabi-gcc" "ARCHIVER=arm-none-eabi-ar" "COMPILER_FLAGS=  -O2 -c" "EXTRA_COMPILER_FLAGS=-mcpu=cortex-a9 -mfpu=vfpv3 -mfloat-abi=hard -nostartfiles -Wall -Wextra"
"Running Make include in ps7_cortexa9_0/libsrc/scuwdt_v2_1/src"
make -C ps7_cortexa9_0/libsrc/scuwdt_v2_1/src -s include  "SHELL=CMD" "COMPILER=arm-none-eabi-gcc" "ARCHIVER=arm-none-eabi-ar" "COMPILER_FLAGS=  -O2 -c" "EXTRA_COMPILER_FLAGS=-mcpu=cortex-a9 -mfpu=vfpv3 -mfloat-abi=hard -nostartfiles -Wall -Wextra"
"Running Make include in ps7_cortexa9_0/libsrc/sdps_v3_2/src"
make -C ps7_cortexa9_0/libsrc/sdps_v3_2/src -s include  "SHELL=CMD" "COMPILER=arm-none-eabi-gcc" "ARCHIVER=arm-none-eabi-ar" "COMPILER_FLAGS=  -O2 -c" "EXTRA_COMPILER_FLAGS=-mcpu=cortex-a9 -mfpu=vfpv3 -mfloat-abi=hard -nostartfiles -Wall -Wextra"
"Running Make include in ps7_cortexa9_0/libsrc/standalone_v6_3/src"
make -C ps7_cortexa9_0/libsrc/standalone_v6_3/src -s include  "SHELL=CMD" "COMPILER=arm-none-eabi-gcc" "ARCHIVER=arm-none-eabi-ar" "COMPILER_FLAGS=  -O2 -c" "EXTRA_COMPILER_FLAGS=-mcpu=cortex-a9 -mfpu=vfpv3 -mfloat-abi=hard -nostartfiles -Wall -Wextra"
"Running Make include in ps7_cortexa9_0/libsrc/ttcps_v3_3/src"
make -C ps7_cortexa9_0/libsrc/ttcps_v3_3/src -s include  "SHELL=CMD" "COMPILER=arm-none-eabi-gcc" "ARCHIVER=arm-none-eabi-ar" "COMPILER_FLAGS=  -O2 -c" "EXTRA_COMPILER_FLAGS=-mcpu=cortex-a9 -mfpu=vfpv3 -mfloat-abi=hard -nostartfiles -Wall -Wextra"
"Running Make include in ps7_cortexa9_0/libsrc/uartps_v3_4/src"
make -C ps7_cortexa9_0/libsrc/uartps_v3_4/src -s include  "SHELL=CMD" "COMPILER=arm-none-eabi-gcc" "ARCHIVER=arm-none-eabi-ar" "COMPILER_FLAGS=  -O2 -c" "EXTRA_COMPILER_FLAGS=-mcpu=cortex-a9 -mfpu=vfpv3 -mfloat-abi=hard -nostartfiles -Wall -Wextra"
"Running Make include in ps7_cortexa9_0/libsrc/usbps_v2_4/src"
make -C ps7_cortexa9_0/libsrc/usbps_v2_4/src -s include  "SHELL=CMD" "COMPILER=arm-none-eabi-gcc" "ARCHIVER=arm-none-eabi-ar" "COMPILER_FLAGS=  -O2 -c" "EXTRA_COMPILER_FLAGS=-mcpu=cortex-a9 -mfpu=vfpv3 -mfloat-abi=hard -nostartfiles -Wall -Wextra"
"Running Make include in ps7_cortexa9_0/libsrc/xadcps_v2_2/src"
make -C ps7_cortexa9_0/libsrc/xadcps_v2_2/src -s include  "SHELL=CMD" "COMPILER=arm-none-eabi-gcc" "ARCHIVER=arm-none-eabi-ar" "COMPILER_FLAGS=  -O2 -c" "EXTRA_COMPILER_FLAGS=-mcpu=cortex-a9 -mfpu=vfpv3 -mfloat-abi=hard -nostartfiles -Wall -Wextra"
"Running Make libs in ps7_cortexa9_0/libsrc/coresightps_dcc_v1_4/src"
make -C ps7_cortexa9_0/libsrc/coresightps_dcc_v1_4/src -s libs  "SHELL=CMD" "COMPILER=arm-none-eabi-gcc" "ARCHIVER=arm-none-eabi-ar" "COMPILER_FLAGS=  -O2 -c" "EXTRA_COMPILER_FLAGS=-mcpu=cortex-a9 -mfpu=vfpv3 -mfloat-abi=hard -nostartfiles -Wall -Wextra"
"Compiling coresightps_dcc"
arm-none-eabi-ar: creating ../../../lib/libxil.a
"Running Make libs in ps7_cortexa9_0/libsrc/cpu_cortexa9_v2_4/src"
make -C ps7_cortexa9_0/libsrc/cpu_cortexa9_v2_4/src -s libs  "SHELL=CMD" "COMPILER=arm-none-eabi-gcc" "ARCHIVER=arm-none-eabi-ar" "COMPILER_FLAGS=  -O2 -c" "EXTRA_COMPILER_FLAGS=-mcpu=cortex-a9 -mfpu=vfpv3 -mfloat-abi=hard -nostartfiles -Wall -Wextra"
"Compiling cpu_cortexa9"
"Running Make libs in ps7_cortexa9_0/libsrc/ddrps_v1_0/src"
make -C ps7_cortexa9_0/libsrc/ddrps_v1_0/src -s libs  "SHELL=CMD" "COMPILER=arm-none-eabi-gcc" "ARCHIVER=arm-none-eabi-ar" "COMPILER_FLAGS=  -O2 -c" "EXTRA_COMPILER_FLAGS=-mcpu=cortex-a9 -mfpu=vfpv3 -mfloat-abi=hard -nostartfiles -Wall -Wextra"
"Compiling ddrps"
"Running Make libs in ps7_cortexa9_0/libsrc/devcfg_v3_4/src"
make -C ps7_cortexa9_0/libsrc/devcfg_v3_4/src -s libs  "SHELL=CMD" "COMPILER=arm-none-eabi-gcc" "ARCHIVER=arm-none-eabi-ar" "COMPILER_FLAGS=  -O2 -c" "EXTRA_COMPILER_FLAGS=-mcpu=cortex-a9 -mfpu=vfpv3 -mfloat-abi=hard -nostartfiles -Wall -Wextra"
"Compiling devcfg"
"Running Make libs in ps7_cortexa9_0/libsrc/dmaps_v2_3/src"
make -C ps7_cortexa9_0/libsrc/dmaps_v2_3/src -s libs  "SHELL=CMD" "COMPILER=arm-none-eabi-gcc" "ARCHIVER=arm-none-eabi-ar" "COMPILER_FLAGS=  -O2 -c" "EXTRA_COMPILER_FLAGS=-mcpu=cortex-a9 -mfpu=vfpv3 -mfloat-abi=hard -nostartfiles -Wall -Wextra"
"Compiling dmaps"
"Running Make libs in ps7_cortexa9_0/libsrc/emacps_v3_4/src"
make -C ps7_cortexa9_0/libsrc/emacps_v3_4/src -s libs  "SHELL=CMD" "COMPILER=arm-none-eabi-gcc" "ARCHIVER=arm-none-eabi-ar" "COMPILER_FLAGS=  -O2 -c" "EXTRA_COMPILER_FLAGS=-mcpu=cortex-a9 -mfpu=vfpv3 -mfloat-abi=hard -nostartfiles -Wall -Wextra"
"Compiling emacps"
"Running Make libs in ps7_cortexa9_0/libsrc/gpio_v4_3/src"
make -C ps7_cortexa9_0/libsrc/gpio_v4_3/src -s libs  "SHELL=CMD" "COMPILER=arm-none-eabi-gcc" "ARCHIVER=arm-none-eabi-ar" "COMPILER_FLAGS=  -O2 -c" "EXTRA_COMPILER_FLAGS=-mcpu=cortex-a9 -mfpu=vfpv3 -mfloat-abi=hard -nostartfiles -Wall -Wextra"
"Compiling gpio"
"Running Make libs in ps7_cortexa9_0/libsrc/gpiops_v3_3/src"
make -C ps7_cortexa9_0/libsrc/gpiops_v3_3/src -s libs  "SHELL=CMD" "COMPILER=arm-none-eabi-gcc" "ARCHIVER=arm-none-eabi-ar" "COMPILER_FLAGS=  -O2 -c" "EXTRA_COMPILER_FLAGS=-mcpu=cortex-a9 -mfpu=vfpv3 -mfloat-abi=hard -nostartfiles -Wall -Wextra"
"Compiling gpiops"
"Running Make libs in ps7_cortexa9_0/libsrc/iicps_v3_5/src"
make -C ps7_cortexa9_0/libsrc/iicps_v3_5/src -s libs  "SHELL=CMD" "COMPILER=arm-none-eabi-gcc" "ARCHIVER=arm-none-eabi-ar" "COMPILER_FLAGS=  -O2 -c" "EXTRA_COMPILER_FLAGS=-mcpu=cortex-a9 -mfpu=vfpv3 -mfloat-abi=hard -nostartfiles -Wall -Wextra"
"Compiling iicps"
"Running Make libs in ps7_cortexa9_0/libsrc/qspips_v3_3/src"
make -C ps7_cortexa9_0/libsrc/qspips_v3_3/src -s libs  "SHELL=CMD" "COMPILER=arm-none-eabi-gcc" "ARCHIVER=arm-none-eabi-ar" "COMPILER_FLAGS=  -O2 -c" "EXTRA_COMPILER_FLAGS=-mcpu=cortex-a9 -mfpu=vfpv3 -mfloat-abi=hard -nostartfiles -Wall -Wextra"
"Compiling qspips"
"Running Make libs in ps7_cortexa9_0/libsrc/scugic_v3_7/src"
make -C ps7_cortexa9_0/libsrc/scugic_v3_7/src -s libs  "SHELL=CMD" "COMPILER=arm-none-eabi-gcc" "ARCHIVER=arm-none-eabi-ar" "COMPILER_FLAGS=  -O2 -c" "EXTRA_COMPILER_FLAGS=-mcpu=cortex-a9 -mfpu=vfpv3 -mfloat-abi=hard -nostartfiles -Wall -Wextra"
"Compiling scugic"
xscugic_g.c:53:2: warning: missing initializer for field 'HandlerTable' of 'XScuGic_Config {aka struct <anonymous>}' [-Wmissing-field-initializers]
  }
  ^
In file included from xscugic_g.c:41:0:
xscugic.h:218:27: note: 'HandlerTable' declared here
  XScuGic_VectorTableEntry HandlerTable[XSCUGIC_MAX_NUM_INTR_INPUTS];/**<
                           ^~~~~~~~~~~~
"Running Make libs in ps7_cortexa9_0/libsrc/scutimer_v2_1/src"
make -C ps7_cortexa9_0/libsrc/scutimer_v2_1/src -s libs  "SHELL=CMD" "COMPILER=arm-none-eabi-gcc" "ARCHIVER=arm-none-eabi-ar" "COMPILER_FLAGS=  -O2 -c" "EXTRA_COMPILER_FLAGS=-mcpu=cortex-a9 -mfpu=vfpv3 -mfloat-abi=hard -nostartfiles -Wall -Wextra"
"Compiling scutimer"
"Running Make libs in ps7_cortexa9_0/libsrc/scuwdt_v2_1/src"
make -C ps7_cortexa9_0/libsrc/scuwdt_v2_1/src -s libs  "SHELL=CMD" "COMPILER=arm-none-eabi-gcc" "ARCHIVER=arm-none-eabi-ar" "COMPILER_FLAGS=  -O2 -c" "EXTRA_COMPILER_FLAGS=-mcpu=cortex-a9 -mfpu=vfpv3 -mfloat-abi=hard -nostartfiles -Wall -Wextra"
"Compiling scuwdt"
"Running Make libs in ps7_cortexa9_0/libsrc/sdps_v3_2/src"
make -C ps7_cortexa9_0/libsrc/sdps_v3_2/src -s libs  "SHELL=CMD" "COMPILER=arm-none-eabi-gcc" "ARCHIVER=arm-none-eabi-ar" "COMPILER_FLAGS=  -O2 -c" "EXTRA_COMPILER_FLAGS=-mcpu=cortex-a9 -mfpu=vfpv3 -mfloat-abi=hard -nostartfiles -Wall -Wextra"
"Compiling sdps"
"Running Make libs in ps7_cortexa9_0/libsrc/standalone_v6_3/src"
make -C ps7_cortexa9_0/libsrc/standalone_v6_3/src -s libs  "SHELL=CMD" "COMPILER=arm-none-eabi-gcc" "ARCHIVER=arm-none-eabi-ar" "COMPILER_FLAGS=  -O2 -c" "EXTRA_COMPILER_FLAGS=-mcpu=cortex-a9 -mfpu=vfpv3 -mfloat-abi=hard -nostartfiles -Wall -Wextra"
"Compiling standalone"
"Running Make libs in ps7_cortexa9_0/libsrc/ttcps_v3_3/src"
make -C ps7_cortexa9_0/libsrc/ttcps_v3_3/src -s libs  "SHELL=CMD" "COMPILER=arm-none-eabi-gcc" "ARCHIVER=arm-none-eabi-ar" "COMPILER_FLAGS=  -O2 -c" "EXTRA_COMPILER_FLAGS=-mcpu=cortex-a9 -mfpu=vfpv3 -mfloat-abi=hard -nostartfiles -Wall -Wextra"
"Compiling ttcps"
"Running Make libs in ps7_cortexa9_0/libsrc/uartps_v3_4/src"
make -C ps7_cortexa9_0/libsrc/uartps_v3_4/src -s libs  "SHELL=CMD" "COMPILER=arm-none-eabi-gcc" "ARCHIVER=arm-none-eabi-ar" "COMPILER_FLAGS=  -O2 -c" "EXTRA_COMPILER_FLAGS=-mcpu=cortex-a9 -mfpu=vfpv3 -mfloat-abi=hard -nostartfiles -Wall -Wextra"
"Compiling uartps"
"Running Make libs in ps7_cortexa9_0/libsrc/usbps_v2_4/src"
make -C ps7_cortexa9_0/libsrc/usbps_v2_4/src -s libs  "SHELL=CMD" "COMPILER=arm-none-eabi-gcc" "ARCHIVER=arm-none-eabi-ar" "COMPILER_FLAGS=  -O2 -c" "EXTRA_COMPILER_FLAGS=-mcpu=cortex-a9 -mfpu=vfpv3 -mfloat-abi=hard -nostartfiles -Wall -Wextra"
"Compiling usbps"
"Running Make libs in ps7_cortexa9_0/libsrc/xadcps_v2_2/src"
make -C ps7_cortexa9_0/libsrc/xadcps_v2_2/src -s libs  "SHELL=CMD" "COMPILER=arm-none-eabi-gcc" "ARCHIVER=arm-none-eabi-ar" "COMPILER_FLAGS=  -O2 -c" "EXTRA_COMPILER_FLAGS=-mcpu=cortex-a9 -mfpu=vfpv3 -mfloat-abi=hard -nostartfiles -Wall -Wextra"
"Compiling xadcps"
'Finished building libraries'
14:02:03 **** Build of configuration Debug for project Embedded_Exercise_normal ****
make pre-build main-build 
a9-linaro-pre-build-step
' '
'Building file: ../src/Interrupt_setup.c'
'Invoking: ARM v7 gcc compiler'
arm-none-eabi-gcc -Wall -O0 -g3 -c -fmessage-length=0 -MT"src/Interrupt_setup.o" -mcpu=cortex-a9 -mfpu=vfpv3 -mfloat-abi=hard -I../../Embedded_Exercise_bsp/ps7_cortexa9_0/include -MMD -MP -MF"src/Interrupt_setup.d" -MT"src/Interrupt_setup.o" -o "src/Interrupt_setup.o" "../src/Interrupt_setup.c"
../src/Interrupt_setup.c: In function 'SetupTimerInt1':
../src/Interrupt_setup.c:103:6: warning: unused variable 'a' [-Wunused-variable]
  int a=0;
      ^
../src/Interrupt_setup.c: In function 'SetupTimerInt':
../src/Interrupt_setup.c:82:1: warning: control reaches end of non-void function [-Wreturn-type]
 }
 ^
../src/Interrupt_setup.c: In function 'SetupTimerInt1':
../src/Interrupt_setup.c:122:1: warning: control reaches end of non-void function [-Wreturn-type]
 }
 ^
../src/Interrupt_setup.c: In function 'SetupGpioInterruptSystem':
../src/Interrupt_setup.c:176:1: warning: control reaches end of non-void function [-Wreturn-type]
 }
 ^
'Finished building: ../src/Interrupt_setup.c'
' '
'Building file: ../src/Pixel.c'
'Invoking: ARM v7 gcc compiler'
arm-none-eabi-gcc -Wall -O0 -g3 -c -fmessage-length=0 -MT"src/Pixel.o" -mcpu=cortex-a9 -mfpu=vfpv3 -mfloat-abi=hard -I../../Embedded_Exercise_bsp/ps7_cortexa9_0/include -MMD -MP -MF"src/Pixel.d" -MT"src/Pixel.o" -o "src/Pixel.o" "../src/Pixel.c"
'Finished building: ../src/Pixel.c'
' '
'Building file: ../src/blinker.S'
'Invoking: ARM v7 gcc compiler'
arm-none-eabi-gcc -Wall -O0 -g3 -c -fmessage-length=0 -MT"src/blinker.o" -mcpu=cortex-a9 -mfpu=vfpv3 -mfloat-abi=hard -I../../Embedded_Exercise_bsp/ps7_cortexa9_0/include -MMD -MP -MF"src/blinker.d" -MT"src/blinker.o" -o "src/blinker.o" "../src/blinker.S"
'Finished building: ../src/blinker.S'
' '
'Building file: ../src/main.c'
'Invoking: ARM v7 gcc compiler'
arm-none-eabi-gcc -Wall -O0 -g3 -c -fmessage-length=0 -MT"src/main.o" -mcpu=cortex-a9 -mfpu=vfpv3 -mfloat-abi=hard -I../../Embedded_Exercise_bsp/ps7_cortexa9_0/include -MMD -MP -MF"src/main.d" -MT"src/main.o" -o "src/main.o" "../src/main.c"
'Finished building: ../src/main.c'
' '
'Building file: ../src/platform.c'
'Invoking: ARM v7 gcc compiler'
arm-none-eabi-gcc -Wall -O0 -g3 -c -fmessage-length=0 -MT"src/platform.o" -mcpu=cortex-a9 -mfpu=vfpv3 -mfloat-abi=hard -I../../Embedded_Exercise_bsp/ps7_cortexa9_0/include -MMD -MP -MF"src/platform.d" -MT"src/platform.o" -o "src/platform.o" "../src/platform.c"
'Finished building: ../src/platform.c'
' '
'Building target: Embedded_Exercise_normal.elf'
'Invoking: ARM v7 gcc linker'
arm-none-eabi-gcc -mcpu=cortex-a9 -mfpu=vfpv3 -mfloat-abi=hard -Wl,-build-id=none -specs=Xilinx.spec -Wl,-T -Wl,../src/lscript.ld -L../../Embedded_Exercise_bsp/ps7_cortexa9_0/lib -o "Embedded_Exercise_normal.elf"  ./src/Interrupt_setup.o ./src/Pixel.o ./src/blinker.o ./src/main.o ./src/platform.o   -Wl,--start-group,-lxil,-lgcc,-lc,--end-group
'Finished building target: Embedded_Exercise_normal.elf'
' '
'Invoking: ARM v7 Print Size'
arm-none-eabi-size Embedded_Exercise_normal.elf  |tee "Embedded_Exercise_normal.elf.size"
   text	   data	    bss	    dec	    hex	filename
  33236	   2828	  22856	  58920	   e628	Embedded_Exercise_normal.elf
'Finished building: Embedded_Exercise_normal.elf.size'
' '
14:02:29 **** Incremental Build of configuration Debug for project Embedded_Exercise_normal ****
make pre-build main-build 
a9-linaro-pre-build-step
' '
make: Kohteelle "main-build" ei tarvitse tehdä mitään.
14:04:33 **** Auto Build of configuration Debug for project Embedded_Exercise_normal ****
make pre-build main-build 
a9-linaro-pre-build-step
' '
'Building file: ../src/main.c'
'Invoking: ARM v7 gcc compiler'
arm-none-eabi-gcc -Wall -O0 -g3 -c -fmessage-length=0 -MT"src/main.o" -mcpu=cortex-a9 -mfpu=vfpv3 -mfloat-abi=hard -I../../Embedded_Exercise_bsp/ps7_cortexa9_0/include -MMD -MP -MF"src/main.d" -MT"src/main.o" -o "src/main.o" "../src/main.c"
'Finished building: ../src/main.c'
' '
'Building target: Embedded_Exercise_normal.elf'
'Invoking: ARM v7 gcc linker'
arm-none-eabi-gcc -mcpu=cortex-a9 -mfpu=vfpv3 -mfloat-abi=hard -Wl,-build-id=none -specs=Xilinx.spec -Wl,-T -Wl,../src/lscript.ld -L../../Embedded_Exercise_bsp/ps7_cortexa9_0/lib -o "Embedded_Exercise_normal.elf"  ./src/Interrupt_setup.o ./src/Pixel.o ./src/blinker.o ./src/main.o ./src/platform.o   -Wl,--start-group,-lxil,-lgcc,-lc,--end-group
'Finished building target: Embedded_Exercise_normal.elf'
' '
'Invoking: ARM v7 Print Size'
arm-none-eabi-size Embedded_Exercise_normal.elf  |tee "Embedded_Exercise_normal.elf.size"
   text	   data	    bss	    dec	    hex	filename
  33416	   2828	  22856	  59100	   e6dc	Embedded_Exercise_normal.elf
'Finished building: Embedded_Exercise_normal.elf.size'
' '
14:04:37 **** Auto Build of configuration Debug for project Embedded_Exercise_normal ****
make pre-build main-build 
a9-linaro-pre-build-step
' '
'Building file: ../src/Pixel.c'
'Invoking: ARM v7 gcc compiler'
arm-none-eabi-gcc -Wall -O0 -g3 -c -fmessage-length=0 -MT"src/Pixel.o" -mcpu=cortex-a9 -mfpu=vfpv3 -mfloat-abi=hard -I../../Embedded_Exercise_bsp/ps7_cortexa9_0/include -MMD -MP -MF"src/Pixel.d" -MT"src/Pixel.o" -o "src/Pixel.o" "../src/Pixel.c"
'Finished building: ../src/Pixel.c'
' '
'Building target: Embedded_Exercise_normal.elf'
'Invoking: ARM v7 gcc linker'
arm-none-eabi-gcc -mcpu=cortex-a9 -mfpu=vfpv3 -mfloat-abi=hard -Wl,-build-id=none -specs=Xilinx.spec -Wl,-T -Wl,../src/lscript.ld -L../../Embedded_Exercise_bsp/ps7_cortexa9_0/lib -o "Embedded_Exercise_normal.elf"  ./src/Interrupt_setup.o ./src/Pixel.o ./src/blinker.o ./src/main.o ./src/platform.o   -Wl,--start-group,-lxil,-lgcc,-lc,--end-group
'Finished building target: Embedded_Exercise_normal.elf'
' '
'Invoking: ARM v7 Print Size'
arm-none-eabi-size Embedded_Exercise_normal.elf  |tee "Embedded_Exercise_normal.elf.size"
   text	   data	    bss	    dec	    hex	filename
  34688	   2828	  22856	  60372	   ebd4	Embedded_Exercise_normal.elf
'Finished building: Embedded_Exercise_normal.elf.size'
' '
14:04:41 **** Incremental Build of configuration Debug for project Embedded_Exercise_normal ****
make pre-build main-build 
a9-linaro-pre-build-step
' '
make: Kohteelle "main-build" ei tarvitse tehdä mitään.
14:06:58 **** Auto Build of configuration Debug for project Embedded_Exercise_normal ****
make pre-build main-build 
a9-linaro-pre-build-step
' '
'Building file: ../src/main.c'
'Invoking: ARM v7 gcc compiler'
arm-none-eabi-gcc -Wall -O0 -g3 -c -fmessage-length=0 -MT"src/main.o" -mcpu=cortex-a9 -mfpu=vfpv3 -mfloat-abi=hard -I../../Embedded_Exercise_bsp/ps7_cortexa9_0/include -MMD -MP -MF"src/main.d" -MT"src/main.o" -o "src/main.o" "../src/main.c"
'Finished building: ../src/main.c'
' '
'Building target: Embedded_Exercise_normal.elf'
'Invoking: ARM v7 gcc linker'
arm-none-eabi-gcc -mcpu=cortex-a9 -mfpu=vfpv3 -mfloat-abi=hard -Wl,-build-id=none -specs=Xilinx.spec -Wl,-T -Wl,../src/lscript.ld -L../../Embedded_Exercise_bsp/ps7_cortexa9_0/lib -o "Embedded_Exercise_normal.elf"  ./src/Interrupt_setup.o ./src/Pixel.o ./src/blinker.o ./src/main.o ./src/platform.o   -Wl,--start-group,-lxil,-lgcc,-lc,--end-group
./src/main.o: In function `TickHandler1':
P:\Johsul2\Johsul_harkka\Embedded_Exercise_normal\Debug/../src/main.c:184: undefined reference to `AlienMove'
P:\Johsul2\Johsul_harkka\Embedded_Exercise_normal\Debug/../src/main.c:185: undefined reference to `BulletMove'
./src/main.o: In function `ButtonHandler':
P:\Johsul2\Johsul_harkka\Embedded_Exercise_normal\Debug/../src/main.c:208: undefined reference to `ShipMove'
P:\Johsul2\Johsul_harkka\Embedded_Exercise_normal\Debug/../src/main.c:213: undefined reference to `BulletShoot'
P:\Johsul2\Johsul_harkka\Embedded_Exercise_normal\Debug/../src/main.c:219: undefined reference to `ShipMove'
P:\Johsul2\Johsul_harkka\Embedded_Exercise_normal\Debug/../src/main.c:224: undefined reference to `GameRestart'
collect2.exe: error: ld returned 1 exit status
make: *** [Embedded_Exercise_normal.elf] Virhe 1
14:07:36 **** Incremental Build of configuration Debug for project Embedded_Exercise_normal ****
make pre-build main-build 
a9-linaro-pre-build-step
' '
'Building file: ../src/Game.c'
'Invoking: ARM v7 gcc compiler'
arm-none-eabi-gcc -Wall -O0 -g3 -c -fmessage-length=0 -MT"src/Game.o" -mcpu=cortex-a9 -mfpu=vfpv3 -mfloat-abi=hard -I../../Embedded_Exercise_bsp/ps7_cortexa9_0/include -MMD -MP -MF"src/Game.d" -MT"src/Game.o" -o "src/Game.o" "../src/Game.c"
'Finished building: ../src/Game.c'
' '
'Building target: Embedded_Exercise_normal.elf'
'Invoking: ARM v7 gcc linker'
arm-none-eabi-gcc -mcpu=cortex-a9 -mfpu=vfpv3 -mfloat-abi=hard -Wl,-build-id=none -specs=Xilinx.spec -Wl,-T -Wl,../src/lscript.ld -L../../Embedded_Exercise_bsp/ps7_cortexa9_0/lib -o "Embedded_Exercise_normal.elf"  ./src/Game.o ./src/Interrupt_setup.o ./src/Pixel.o ./src/blinker.o ./src/main.o ./src/platform.o   -Wl,--start-group,-lxil,-lgcc,-lc,--end-group
'Finished building target: Embedded_Exercise_normal.elf'
' '
'Invoking: ARM v7 Print Size'
arm-none-eabi-size Embedded_Exercise_normal.elf  |tee "Embedded_Exercise_normal.elf.size"
   text	   data	    bss	    dec	    hex	filename
  37088	   2828	  22872	  62788	   f544	Embedded_Exercise_normal.elf
'Finished building: Embedded_Exercise_normal.elf.size'
' '
14:09:19 **** Auto Build of configuration Debug for project Embedded_Exercise_normal ****
make pre-build main-build 
a9-linaro-pre-build-step
' '
'Building file: ../src/main.c'
'Invoking: ARM v7 gcc compiler'
arm-none-eabi-gcc -Wall -O0 -g3 -c -fmessage-length=0 -MT"src/main.o" -mcpu=cortex-a9 -mfpu=vfpv3 -mfloat-abi=hard -I../../Embedded_Exercise_bsp/ps7_cortexa9_0/include -MMD -MP -MF"src/main.d" -MT"src/main.o" -o "src/main.o" "../src/main.c"
'Finished building: ../src/main.c'
' '
'Building target: Embedded_Exercise_normal.elf'
'Invoking: ARM v7 gcc linker'
arm-none-eabi-gcc -mcpu=cortex-a9 -mfpu=vfpv3 -mfloat-abi=hard -Wl,-build-id=none -specs=Xilinx.spec -Wl,-T -Wl,../src/lscript.ld -L../../Embedded_Exercise_bsp/ps7_cortexa9_0/lib -o "Embedded_Exercise_normal.elf"  ./src/Game.o ./src/Interrupt_setup.o ./src/Pixel.o ./src/blinker.o ./src/main.o ./src/platform.o   -Wl,--start-group,-lxil,-lgcc,-lc,--end-group
'Finished building target: Embedded_Exercise_normal.elf'
' '
'Invoking: ARM v7 Print Size'
arm-none-eabi-size Embedded_Exercise_normal.elf  |tee "Embedded_Exercise_normal.elf.size"
   text	   data	    bss	    dec	    hex	filename
  37088	   2828	  22872	  62788	   f544	Embedded_Exercise_normal.elf
'Finished building: Embedded_Exercise_normal.elf.size'
' '
14:17:15 **** Incremental Build of configuration Debug for project Embedded_Exercise_normal ****
make pre-build main-build 
a9-linaro-pre-build-step
' '
make: Kohteelle "main-build" ei tarvitse tehdä mitään.
14:18:01 **** Auto Build of configuration Debug for project Embedded_Exercise_normal ****
make pre-build main-build 
a9-linaro-pre-build-step
' '
'Building file: ../src/main.c'
'Invoking: ARM v7 gcc compiler'
arm-none-eabi-gcc -Wall -O0 -g3 -c -fmessage-length=0 -MT"src/main.o" -mcpu=cortex-a9 -mfpu=vfpv3 -mfloat-abi=hard -I../../Embedded_Exercise_bsp/ps7_cortexa9_0/include -MMD -MP -MF"src/main.d" -MT"src/main.o" -o "src/main.o" "../src/main.c"
'Finished building: ../src/main.c'
' '
'Building target: Embedded_Exercise_normal.elf'
'Invoking: ARM v7 gcc linker'
arm-none-eabi-gcc -mcpu=cortex-a9 -mfpu=vfpv3 -mfloat-abi=hard -Wl,-build-id=none -specs=Xilinx.spec -Wl,-T -Wl,../src/lscript.ld -L../../Embedded_Exercise_bsp/ps7_cortexa9_0/lib -o "Embedded_Exercise_normal.elf"  ./src/Game.o ./src/Interrupt_setup.o ./src/Pixel.o ./src/blinker.o ./src/main.o ./src/platform.o   -Wl,--start-group,-lxil,-lgcc,-lc,--end-group
'Finished building target: Embedded_Exercise_normal.elf'
' '
'Invoking: ARM v7 Print Size'
arm-none-eabi-size Embedded_Exercise_normal.elf  |tee "Embedded_Exercise_normal.elf.size"
   text	   data	    bss	    dec	    hex	filename
  37008	   2828	  22872	  62708	   f4f4	Embedded_Exercise_normal.elf
'Finished building: Embedded_Exercise_normal.elf.size'
' '
14:18:09 **** Incremental Build of configuration Debug for project Embedded_Exercise_normal ****
make pre-build main-build 
a9-linaro-pre-build-step
' '
make: Kohteelle "main-build" ei tarvitse tehdä mitään.
14:22:13 **** Incremental Build of configuration Debug for project Embedded_Exercise_normal ****
make pre-build main-build 
a9-linaro-pre-build-step
' '
make: Kohteelle "main-build" ei tarvitse tehdä mitään.
14:24:46 **** Incremental Build of configuration Debug for project Embedded_Exercise_normal ****
make pre-build main-build 
a9-linaro-pre-build-step
' '
make: Kohteelle "main-build" ei tarvitse tehdä mitään.
14:25:38 **** Auto Build of configuration Debug for project Embedded_Exercise_normal ****
make pre-build main-build 
a9-linaro-pre-build-step
' '
'Building file: ../src/Game.c'
'Invoking: ARM v7 gcc compiler'
arm-none-eabi-gcc -Wall -O0 -g3 -c -fmessage-length=0 -MT"src/Game.o" -mcpu=cortex-a9 -mfpu=vfpv3 -mfloat-abi=hard -I../../Embedded_Exercise_bsp/ps7_cortexa9_0/include -MMD -MP -MF"src/Game.d" -MT"src/Game.o" -o "src/Game.o" "../src/Game.c"
'Finished building: ../src/Game.c'
' '
'Building target: Embedded_Exercise_normal.elf'
'Invoking: ARM v7 gcc linker'
arm-none-eabi-gcc -mcpu=cortex-a9 -mfpu=vfpv3 -mfloat-abi=hard -Wl,-build-id=none -specs=Xilinx.spec -Wl,-T -Wl,../src/lscript.ld -L../../Embedded_Exercise_bsp/ps7_cortexa9_0/lib -o "Embedded_Exercise_normal.elf"  ./src/Game.o ./src/Interrupt_setup.o ./src/Pixel.o ./src/blinker.o ./src/main.o ./src/platform.o   -Wl,--start-group,-lxil,-lgcc,-lc,--end-group
'Finished building target: Embedded_Exercise_normal.elf'
' '
'Invoking: ARM v7 Print Size'
arm-none-eabi-size Embedded_Exercise_normal.elf  |tee "Embedded_Exercise_normal.elf.size"
   text	   data	    bss	    dec	    hex	filename
  36976	   2828	  22872	  62676	   f4d4	Embedded_Exercise_normal.elf
'Finished building: Embedded_Exercise_normal.elf.size'
' '
14:25:55 **** Incremental Build of configuration Debug for project Embedded_Exercise_normal ****
make pre-build main-build 
a9-linaro-pre-build-step
' '
make: Kohteelle "main-build" ei tarvitse tehdä mitään.
14:28:03 **** Auto Build of configuration Debug for project Embedded_Exercise_normal ****
make pre-build main-build 
a9-linaro-pre-build-step
' '
'Building file: ../src/Game.c'
'Invoking: ARM v7 gcc compiler'
arm-none-eabi-gcc -Wall -O0 -g3 -c -fmessage-length=0 -MT"src/Game.o" -mcpu=cortex-a9 -mfpu=vfpv3 -mfloat-abi=hard -I../../Embedded_Exercise_bsp/ps7_cortexa9_0/include -MMD -MP -MF"src/Game.d" -MT"src/Game.o" -o "src/Game.o" "../src/Game.c"
'Finished building: ../src/Game.c'
' '
'Building target: Embedded_Exercise_normal.elf'
'Invoking: ARM v7 gcc linker'
arm-none-eabi-gcc -mcpu=cortex-a9 -mfpu=vfpv3 -mfloat-abi=hard -Wl,-build-id=none -specs=Xilinx.spec -Wl,-T -Wl,../src/lscript.ld -L../../Embedded_Exercise_bsp/ps7_cortexa9_0/lib -o "Embedded_Exercise_normal.elf"  ./src/Game.o ./src/Interrupt_setup.o ./src/Pixel.o ./src/blinker.o ./src/main.o ./src/platform.o   -Wl,--start-group,-lxil,-lgcc,-lc,--end-group
'Finished building target: Embedded_Exercise_normal.elf'
' '
'Invoking: ARM v7 Print Size'
arm-none-eabi-size Embedded_Exercise_normal.elf  |tee "Embedded_Exercise_normal.elf.size"
   text	   data	    bss	    dec	    hex	filename
  37032	   2828	  22872	  62732	   f50c	Embedded_Exercise_normal.elf
'Finished building: Embedded_Exercise_normal.elf.size'
' '
14:28:13 **** Incremental Build of configuration Debug for project Embedded_Exercise_normal ****
make pre-build main-build 
a9-linaro-pre-build-step
' '
make: Kohteelle "main-build" ei tarvitse tehdä mitään.
14:30:57 **** Auto Build of configuration Debug for project Embedded_Exercise_normal ****
make pre-build main-build 
a9-linaro-pre-build-step
' '
'Building file: ../src/Game.c'
'Invoking: ARM v7 gcc compiler'
arm-none-eabi-gcc -Wall -O0 -g3 -c -fmessage-length=0 -MT"src/Game.o" -mcpu=cortex-a9 -mfpu=vfpv3 -mfloat-abi=hard -I../../Embedded_Exercise_bsp/ps7_cortexa9_0/include -MMD -MP -MF"src/Game.d" -MT"src/Game.o" -o "src/Game.o" "../src/Game.c"
'Finished building: ../src/Game.c'
' '
'Building target: Embedded_Exercise_normal.elf'
'Invoking: ARM v7 gcc linker'
arm-none-eabi-gcc -mcpu=cortex-a9 -mfpu=vfpv3 -mfloat-abi=hard -Wl,-build-id=none -specs=Xilinx.spec -Wl,-T -Wl,../src/lscript.ld -L../../Embedded_Exercise_bsp/ps7_cortexa9_0/lib -o "Embedded_Exercise_normal.elf"  ./src/Game.o ./src/Interrupt_setup.o ./src/Pixel.o ./src/blinker.o ./src/main.o ./src/platform.o   -Wl,--start-group,-lxil,-lgcc,-lc,--end-group
'Finished building target: Embedded_Exercise_normal.elf'
' '
'Invoking: ARM v7 Print Size'
arm-none-eabi-size Embedded_Exercise_normal.elf  |tee "Embedded_Exercise_normal.elf.size"
   text	   data	    bss	    dec	    hex	filename
  37052	   2828	  22872	  62752	   f520	Embedded_Exercise_normal.elf
'Finished building: Embedded_Exercise_normal.elf.size'
' '
14:32:52 **** Auto Build of configuration Debug for project Embedded_Exercise_normal ****
make pre-build main-build 
a9-linaro-pre-build-step
' '
'Building file: ../src/Game.c'
'Invoking: ARM v7 gcc compiler'
arm-none-eabi-gcc -Wall -O0 -g3 -c -fmessage-length=0 -MT"src/Game.o" -mcpu=cortex-a9 -mfpu=vfpv3 -mfloat-abi=hard -I../../Embedded_Exercise_bsp/ps7_cortexa9_0/include -MMD -MP -MF"src/Game.d" -MT"src/Game.o" -o "src/Game.o" "../src/Game.c"
'Finished building: ../src/Game.c'
' '
'Building target: Embedded_Exercise_normal.elf'
'Invoking: ARM v7 gcc linker'
arm-none-eabi-gcc -mcpu=cortex-a9 -mfpu=vfpv3 -mfloat-abi=hard -Wl,-build-id=none -specs=Xilinx.spec -Wl,-T -Wl,../src/lscript.ld -L../../Embedded_Exercise_bsp/ps7_cortexa9_0/lib -o "Embedded_Exercise_normal.elf"  ./src/Game.o ./src/Interrupt_setup.o ./src/Pixel.o ./src/blinker.o ./src/main.o ./src/platform.o   -Wl,--start-group,-lxil,-lgcc,-lc,--end-group
'Finished building target: Embedded_Exercise_normal.elf'
' '
'Invoking: ARM v7 Print Size'
arm-none-eabi-size Embedded_Exercise_normal.elf  |tee "Embedded_Exercise_normal.elf.size"
   text	   data	    bss	    dec	    hex	filename
  37076	   2828	  22872	  62776	   f538	Embedded_Exercise_normal.elf
'Finished building: Embedded_Exercise_normal.elf.size'
' '
14:33:02 **** Incremental Build of configuration Debug for project Embedded_Exercise_normal ****
make pre-build main-build 
a9-linaro-pre-build-step
' '
make: Kohteelle "main-build" ei tarvitse tehdä mitään.
14:35:36 **** Auto Build of configuration Debug for project Embedded_Exercise_normal ****
make pre-build main-build 
a9-linaro-pre-build-step
' '
'Building file: ../src/Game.c'
'Invoking: ARM v7 gcc compiler'
arm-none-eabi-gcc -Wall -O0 -g3 -c -fmessage-length=0 -MT"src/Game.o" -mcpu=cortex-a9 -mfpu=vfpv3 -mfloat-abi=hard -I../../Embedded_Exercise_bsp/ps7_cortexa9_0/include -MMD -MP -MF"src/Game.d" -MT"src/Game.o" -o "src/Game.o" "../src/Game.c"
'Finished building: ../src/Game.c'
' '
'Building target: Embedded_Exercise_normal.elf'
'Invoking: ARM v7 gcc linker'
arm-none-eabi-gcc -mcpu=cortex-a9 -mfpu=vfpv3 -mfloat-abi=hard -Wl,-build-id=none -specs=Xilinx.spec -Wl,-T -Wl,../src/lscript.ld -L../../Embedded_Exercise_bsp/ps7_cortexa9_0/lib -o "Embedded_Exercise_normal.elf"  ./src/Game.o ./src/Interrupt_setup.o ./src/Pixel.o ./src/blinker.o ./src/main.o ./src/platform.o   -Wl,--start-group,-lxil,-lgcc,-lc,--end-group
'Finished building target: Embedded_Exercise_normal.elf'
' '
'Invoking: ARM v7 Print Size'
arm-none-eabi-size Embedded_Exercise_normal.elf  |tee "Embedded_Exercise_normal.elf.size"
   text	   data	    bss	    dec	    hex	filename
  37076	   2828	  22872	  62776	   f538	Embedded_Exercise_normal.elf
'Finished building: Embedded_Exercise_normal.elf.size'
' '
14:35:46 **** Incremental Build of configuration Debug for project Embedded_Exercise_normal ****
make pre-build main-build 
a9-linaro-pre-build-step
' '
make: Kohteelle "main-build" ei tarvitse tehdä mitään.
14:36:45 **** Auto Build of configuration Debug for project Embedded_Exercise_normal ****
make pre-build main-build 
a9-linaro-pre-build-step
' '
'Building file: ../src/Game.c'
'Invoking: ARM v7 gcc compiler'
arm-none-eabi-gcc -Wall -O0 -g3 -c -fmessage-length=0 -MT"src/Game.o" -mcpu=cortex-a9 -mfpu=vfpv3 -mfloat-abi=hard -I../../Embedded_Exercise_bsp/ps7_cortexa9_0/include -MMD -MP -MF"src/Game.d" -MT"src/Game.o" -o "src/Game.o" "../src/Game.c"
'Finished building: ../src/Game.c'
' '
'Building target: Embedded_Exercise_normal.elf'
'Invoking: ARM v7 gcc linker'
arm-none-eabi-gcc -mcpu=cortex-a9 -mfpu=vfpv3 -mfloat-abi=hard -Wl,-build-id=none -specs=Xilinx.spec -Wl,-T -Wl,../src/lscript.ld -L../../Embedded_Exercise_bsp/ps7_cortexa9_0/lib -o "Embedded_Exercise_normal.elf"  ./src/Game.o ./src/Interrupt_setup.o ./src/Pixel.o ./src/blinker.o ./src/main.o ./src/platform.o   -Wl,--start-group,-lxil,-lgcc,-lc,--end-group
'Finished building target: Embedded_Exercise_normal.elf'
' '
'Invoking: ARM v7 Print Size'
arm-none-eabi-size Embedded_Exercise_normal.elf  |tee "Embedded_Exercise_normal.elf.size"
   text	   data	    bss	    dec	    hex	filename
  37060	   2828	  22872	  62760	   f528	Embedded_Exercise_normal.elf
'Finished building: Embedded_Exercise_normal.elf.size'
' '
14:37:46 **** Auto Build of configuration Debug for project Embedded_Exercise_normal ****
make pre-build main-build 
a9-linaro-pre-build-step
' '
'Building file: ../src/Game.c'
'Invoking: ARM v7 gcc compiler'
arm-none-eabi-gcc -Wall -O0 -g3 -c -fmessage-length=0 -MT"src/Game.o" -mcpu=cortex-a9 -mfpu=vfpv3 -mfloat-abi=hard -I../../Embedded_Exercise_bsp/ps7_cortexa9_0/include -MMD -MP -MF"src/Game.d" -MT"src/Game.o" -o "src/Game.o" "../src/Game.c"
'Finished building: ../src/Game.c'
' '
'Building target: Embedded_Exercise_normal.elf'
'Invoking: ARM v7 gcc linker'
arm-none-eabi-gcc -mcpu=cortex-a9 -mfpu=vfpv3 -mfloat-abi=hard -Wl,-build-id=none -specs=Xilinx.spec -Wl,-T -Wl,../src/lscript.ld -L../../Embedded_Exercise_bsp/ps7_cortexa9_0/lib -o "Embedded_Exercise_normal.elf"  ./src/Game.o ./src/Interrupt_setup.o ./src/Pixel.o ./src/blinker.o ./src/main.o ./src/platform.o   -Wl,--start-group,-lxil,-lgcc,-lc,--end-group
'Finished building target: Embedded_Exercise_normal.elf'
' '
'Invoking: ARM v7 Print Size'
arm-none-eabi-size Embedded_Exercise_normal.elf  |tee "Embedded_Exercise_normal.elf.size"
   text	   data	    bss	    dec	    hex	filename
  37060	   2828	  22872	  62760	   f528	Embedded_Exercise_normal.elf
'Finished building: Embedded_Exercise_normal.elf.size'
' '
14:37:54 **** Incremental Build of configuration Debug for project Embedded_Exercise_normal ****
make pre-build main-build 
a9-linaro-pre-build-step
' '
make: Kohteelle "main-build" ei tarvitse tehdä mitään.
14:38:44 **** Auto Build of configuration Debug for project Embedded_Exercise_normal ****
make pre-build main-build 
a9-linaro-pre-build-step
' '
'Building file: ../src/Game.c'
'Invoking: ARM v7 gcc compiler'
arm-none-eabi-gcc -Wall -O0 -g3 -c -fmessage-length=0 -MT"src/Game.o" -mcpu=cortex-a9 -mfpu=vfpv3 -mfloat-abi=hard -I../../Embedded_Exercise_bsp/ps7_cortexa9_0/include -MMD -MP -MF"src/Game.d" -MT"src/Game.o" -o "src/Game.o" "../src/Game.c"
'Finished building: ../src/Game.c'
' '
'Building target: Embedded_Exercise_normal.elf'
'Invoking: ARM v7 gcc linker'
arm-none-eabi-gcc -mcpu=cortex-a9 -mfpu=vfpv3 -mfloat-abi=hard -Wl,-build-id=none -specs=Xilinx.spec -Wl,-T -Wl,../src/lscript.ld -L../../Embedded_Exercise_bsp/ps7_cortexa9_0/lib -o "Embedded_Exercise_normal.elf"  ./src/Game.o ./src/Interrupt_setup.o ./src/Pixel.o ./src/blinker.o ./src/main.o ./src/platform.o   -Wl,--start-group,-lxil,-lgcc,-lc,--end-group
'Finished building target: Embedded_Exercise_normal.elf'
' '
'Invoking: ARM v7 Print Size'
arm-none-eabi-size Embedded_Exercise_normal.elf  |tee "Embedded_Exercise_normal.elf.size"
   text	   data	    bss	    dec	    hex	filename
  37068	   2828	  22872	  62768	   f530	Embedded_Exercise_normal.elf
'Finished building: Embedded_Exercise_normal.elf.size'
' '
14:39:56 **** Auto Build of configuration Debug for project Embedded_Exercise_normal ****
make pre-build main-build 
a9-linaro-pre-build-step
' '
'Building file: ../src/Game.c'
'Invoking: ARM v7 gcc compiler'
arm-none-eabi-gcc -Wall -O0 -g3 -c -fmessage-length=0 -MT"src/Game.o" -mcpu=cortex-a9 -mfpu=vfpv3 -mfloat-abi=hard -I../../Embedded_Exercise_bsp/ps7_cortexa9_0/include -MMD -MP -MF"src/Game.d" -MT"src/Game.o" -o "src/Game.o" "../src/Game.c"
'Finished building: ../src/Game.c'
' '
'Building target: Embedded_Exercise_normal.elf'
'Invoking: ARM v7 gcc linker'
arm-none-eabi-gcc -mcpu=cortex-a9 -mfpu=vfpv3 -mfloat-abi=hard -Wl,-build-id=none -specs=Xilinx.spec -Wl,-T -Wl,../src/lscript.ld -L../../Embedded_Exercise_bsp/ps7_cortexa9_0/lib -o "Embedded_Exercise_normal.elf"  ./src/Game.o ./src/Interrupt_setup.o ./src/Pixel.o ./src/blinker.o ./src/main.o ./src/platform.o   -Wl,--start-group,-lxil,-lgcc,-lc,--end-group
'Finished building target: Embedded_Exercise_normal.elf'
' '
'Invoking: ARM v7 Print Size'
arm-none-eabi-size Embedded_Exercise_normal.elf  |tee "Embedded_Exercise_normal.elf.size"
   text	   data	    bss	    dec	    hex	filename
  37072	   2828	  22872	  62772	   f534	Embedded_Exercise_normal.elf
'Finished building: Embedded_Exercise_normal.elf.size'
' '
14:40:01 **** Incremental Build of configuration Debug for project Embedded_Exercise_normal ****
make pre-build main-build 
a9-linaro-pre-build-step
' '
make: Kohteelle "main-build" ei tarvitse tehdä mitään.
14:42:02 **** Auto Build of configuration Debug for project Embedded_Exercise_normal ****
make pre-build main-build 
a9-linaro-pre-build-step
' '
'Building file: ../src/Game.c'
'Invoking: ARM v7 gcc compiler'
arm-none-eabi-gcc -Wall -O0 -g3 -c -fmessage-length=0 -MT"src/Game.o" -mcpu=cortex-a9 -mfpu=vfpv3 -mfloat-abi=hard -I../../Embedded_Exercise_bsp/ps7_cortexa9_0/include -MMD -MP -MF"src/Game.d" -MT"src/Game.o" -o "src/Game.o" "../src/Game.c"
'Finished building: ../src/Game.c'
' '
'Building target: Embedded_Exercise_normal.elf'
'Invoking: ARM v7 gcc linker'
arm-none-eabi-gcc -mcpu=cortex-a9 -mfpu=vfpv3 -mfloat-abi=hard -Wl,-build-id=none -specs=Xilinx.spec -Wl,-T -Wl,../src/lscript.ld -L../../Embedded_Exercise_bsp/ps7_cortexa9_0/lib -o "Embedded_Exercise_normal.elf"  ./src/Game.o ./src/Interrupt_setup.o ./src/Pixel.o ./src/blinker.o ./src/main.o ./src/platform.o   -Wl,--start-group,-lxil,-lgcc,-lc,--end-group
'Finished building target: Embedded_Exercise_normal.elf'
' '
'Invoking: ARM v7 Print Size'
arm-none-eabi-size Embedded_Exercise_normal.elf  |tee "Embedded_Exercise_normal.elf.size"
   text	   data	    bss	    dec	    hex	filename
  37076	   2828	  22872	  62776	   f538	Embedded_Exercise_normal.elf
'Finished building: Embedded_Exercise_normal.elf.size'
' '
14:42:23 **** Incremental Build of configuration Debug for project Embedded_Exercise_normal ****
make pre-build main-build 
a9-linaro-pre-build-step
' '
'Building file: ../src/Game.c'
'Invoking: ARM v7 gcc compiler'
arm-none-eabi-gcc -Wall -O0 -g3 -c -fmessage-length=0 -MT"src/Game.o" -mcpu=cortex-a9 -mfpu=vfpv3 -mfloat-abi=hard -I../../Embedded_Exercise_bsp/ps7_cortexa9_0/include -MMD -MP -MF"src/Game.d" -MT"src/Game.o" -o "src/Game.o" "../src/Game.c"
'Finished building: ../src/Game.c'
' '
'Building file: ../src/main.c'
'Invoking: ARM v7 gcc compiler'
arm-none-eabi-gcc -Wall -O0 -g3 -c -fmessage-length=0 -MT"src/main.o" -mcpu=cortex-a9 -mfpu=vfpv3 -mfloat-abi=hard -I../../Embedded_Exercise_bsp/ps7_cortexa9_0/include -MMD -MP -MF"src/main.d" -MT"src/main.o" -o "src/main.o" "../src/main.c"
'Finished building: ../src/main.c'
' '
'Building target: Embedded_Exercise_normal.elf'
'Invoking: ARM v7 gcc linker'
arm-none-eabi-gcc -mcpu=cortex-a9 -mfpu=vfpv3 -mfloat-abi=hard -Wl,-build-id=none -specs=Xilinx.spec -Wl,-T -Wl,../src/lscript.ld -L../../Embedded_Exercise_bsp/ps7_cortexa9_0/lib -o "Embedded_Exercise_normal.elf"  ./src/Game.o ./src/Interrupt_setup.o ./src/Pixel.o ./src/blinker.o ./src/main.o ./src/platform.o   -Wl,--start-group,-lxil,-lgcc,-lc,--end-group
'Finished building target: Embedded_Exercise_normal.elf'
' '
'Invoking: ARM v7 Print Size'
arm-none-eabi-size Embedded_Exercise_normal.elf  |tee "Embedded_Exercise_normal.elf.size"
   text	   data	    bss	    dec	    hex	filename
  37084	   2828	  22872	  62784	   f540	Embedded_Exercise_normal.elf
'Finished building: Embedded_Exercise_normal.elf.size'
' '
14:42:28 **** Incremental Build of configuration Debug for project Embedded_Exercise_normal ****
make pre-build main-build 
a9-linaro-pre-build-step
' '
make: Kohteelle "main-build" ei tarvitse tehdä mitään.
14:42:52 **** Incremental Build of configuration Debug for project Embedded_Exercise_normal ****
make pre-build main-build 
a9-linaro-pre-build-step
' '
make: Kohteelle "main-build" ei tarvitse tehdä mitään.
14:44:01 **** Incremental Build of configuration Debug for project Embedded_Exercise_normal ****
make pre-build main-build 
a9-linaro-pre-build-step
' '
make: Kohteelle "main-build" ei tarvitse tehdä mitään.
14:44:38 **** Incremental Build of configuration Debug for project Embedded_Exercise_normal ****
make pre-build main-build 
a9-linaro-pre-build-step
' '
make: Kohteelle "main-build" ei tarvitse tehdä mitään.
14:46:19 **** Auto Build of configuration Debug for project Embedded_Exercise_normal ****
make pre-build main-build 
a9-linaro-pre-build-step
' '
'Building file: ../src/Game.c'
'Invoking: ARM v7 gcc compiler'
arm-none-eabi-gcc -Wall -O0 -g3 -c -fmessage-length=0 -MT"src/Game.o" -mcpu=cortex-a9 -mfpu=vfpv3 -mfloat-abi=hard -I../../Embedded_Exercise_bsp/ps7_cortexa9_0/include -MMD -MP -MF"src/Game.d" -MT"src/Game.o" -o "src/Game.o" "../src/Game.c"
'Finished building: ../src/Game.c'
' '
'Building target: Embedded_Exercise_normal.elf'
'Invoking: ARM v7 gcc linker'
arm-none-eabi-gcc -mcpu=cortex-a9 -mfpu=vfpv3 -mfloat-abi=hard -Wl,-build-id=none -specs=Xilinx.spec -Wl,-T -Wl,../src/lscript.ld -L../../Embedded_Exercise_bsp/ps7_cortexa9_0/lib -o "Embedded_Exercise_normal.elf"  ./src/Game.o ./src/Interrupt_setup.o ./src/Pixel.o ./src/blinker.o ./src/main.o ./src/platform.o   -Wl,--start-group,-lxil,-lgcc,-lc,--end-group
'Finished building target: Embedded_Exercise_normal.elf'
' '
'Invoking: ARM v7 Print Size'
arm-none-eabi-size Embedded_Exercise_normal.elf  |tee "Embedded_Exercise_normal.elf.size"
   text	   data	    bss	    dec	    hex	filename
  37092	   2828	  22872	  62792	   f548	Embedded_Exercise_normal.elf
'Finished building: Embedded_Exercise_normal.elf.size'
' '
14:46:29 **** Incremental Build of configuration Debug for project Embedded_Exercise_normal ****
make pre-build main-build 
a9-linaro-pre-build-step
' '
make: Kohteelle "main-build" ei tarvitse tehdä mitään.
14:47:27 **** Auto Build of configuration Debug for project Embedded_Exercise_normal ****
make pre-build main-build 
a9-linaro-pre-build-step
' '
'Building file: ../src/Game.c'
'Invoking: ARM v7 gcc compiler'
arm-none-eabi-gcc -Wall -O0 -g3 -c -fmessage-length=0 -MT"src/Game.o" -mcpu=cortex-a9 -mfpu=vfpv3 -mfloat-abi=hard -I../../Embedded_Exercise_bsp/ps7_cortexa9_0/include -MMD -MP -MF"src/Game.d" -MT"src/Game.o" -o "src/Game.o" "../src/Game.c"
'Finished building: ../src/Game.c'
' '
'Building target: Embedded_Exercise_normal.elf'
'Invoking: ARM v7 gcc linker'
arm-none-eabi-gcc -mcpu=cortex-a9 -mfpu=vfpv3 -mfloat-abi=hard -Wl,-build-id=none -specs=Xilinx.spec -Wl,-T -Wl,../src/lscript.ld -L../../Embedded_Exercise_bsp/ps7_cortexa9_0/lib -o "Embedded_Exercise_normal.elf"  ./src/Game.o ./src/Interrupt_setup.o ./src/Pixel.o ./src/blinker.o ./src/main.o ./src/platform.o   -Wl,--start-group,-lxil,-lgcc,-lc,--end-group
'Finished building target: Embedded_Exercise_normal.elf'
' '
'Invoking: ARM v7 Print Size'
arm-none-eabi-size Embedded_Exercise_normal.elf  |tee "Embedded_Exercise_normal.elf.size"
   text	   data	    bss	    dec	    hex	filename
  37092	   2828	  22872	  62792	   f548	Embedded_Exercise_normal.elf
'Finished building: Embedded_Exercise_normal.elf.size'
' '
14:47:58 **** Auto Build of configuration Debug for project Embedded_Exercise_normal ****
make pre-build main-build 
a9-linaro-pre-build-step
' '
'Building file: ../src/Game.c'
'Invoking: ARM v7 gcc compiler'
arm-none-eabi-gcc -Wall -O0 -g3 -c -fmessage-length=0 -MT"src/Game.o" -mcpu=cortex-a9 -mfpu=vfpv3 -mfloat-abi=hard -I../../Embedded_Exercise_bsp/ps7_cortexa9_0/include -MMD -MP -MF"src/Game.d" -MT"src/Game.o" -o "src/Game.o" "../src/Game.c"
'Finished building: ../src/Game.c'
' '
'Building target: Embedded_Exercise_normal.elf'
'Invoking: ARM v7 gcc linker'
arm-none-eabi-gcc -mcpu=cortex-a9 -mfpu=vfpv3 -mfloat-abi=hard -Wl,-build-id=none -specs=Xilinx.spec -Wl,-T -Wl,../src/lscript.ld -L../../Embedded_Exercise_bsp/ps7_cortexa9_0/lib -o "Embedded_Exercise_normal.elf"  ./src/Game.o ./src/Interrupt_setup.o ./src/Pixel.o ./src/blinker.o ./src/main.o ./src/platform.o   -Wl,--start-group,-lxil,-lgcc,-lc,--end-group
'Finished building target: Embedded_Exercise_normal.elf'
' '
'Invoking: ARM v7 Print Size'
arm-none-eabi-size Embedded_Exercise_normal.elf  |tee "Embedded_Exercise_normal.elf.size"
   text	   data	    bss	    dec	    hex	filename
  37124	   2828	  22872	  62824	   f568	Embedded_Exercise_normal.elf
'Finished building: Embedded_Exercise_normal.elf.size'
' '
14:48:05 **** Incremental Build of configuration Debug for project Embedded_Exercise_normal ****
make pre-build main-build 
a9-linaro-pre-build-step
' '
make: Kohteelle "main-build" ei tarvitse tehdä mitään.
14:50:49 **** Auto Build of configuration Debug for project Embedded_Exercise_normal ****
make pre-build main-build 
a9-linaro-pre-build-step
' '
'Building file: ../src/Game.c'
'Invoking: ARM v7 gcc compiler'
arm-none-eabi-gcc -Wall -O0 -g3 -c -fmessage-length=0 -MT"src/Game.o" -mcpu=cortex-a9 -mfpu=vfpv3 -mfloat-abi=hard -I../../Embedded_Exercise_bsp/ps7_cortexa9_0/include -MMD -MP -MF"src/Game.d" -MT"src/Game.o" -o "src/Game.o" "../src/Game.c"
'Finished building: ../src/Game.c'
' '
'Building target: Embedded_Exercise_normal.elf'
'Invoking: ARM v7 gcc linker'
[...]
make pre-build main-build 
a9-linaro-pre-build-step
' '
'Building file: ../src/Game.c'
'Invoking: ARM v7 gcc compiler'
arm-none-eabi-gcc -Wall -O0 -g3 -c -fmessage-length=0 -MT"src/Game.o" -mcpu=cortex-a9 -mfpu=vfpv3 -mfloat-abi=hard -I../../Embedded_Exercise_bsp/ps7_cortexa9_0/include -MMD -MP -MF"src/Game.d" -MT"src/Game.o" -o "src/Game.o" "../src/Game.c"
'Finished building: ../src/Game.c'
' '
'Building target: Embedded_Exercise_normal.elf'
'Invoking: ARM v7 gcc linker'
arm-none-eabi-gcc -mcpu=cortex-a9 -mfpu=vfpv3 -mfloat-abi=hard -Wl,-build-id=none -specs=Xilinx.spec -Wl,-T -Wl,../src/lscript.ld -L../../Embedded_Exercise_bsp/ps7_cortexa9_0/lib -o "Embedded_Exercise_normal.elf"  ./src/Game.o ./src/Interrupt_setup.o ./src/Pixel.o ./src/blinker.o ./src/main.o ./src/platform.o   -Wl,--start-group,-lxil,-lgcc,-lc,--end-group
'Finished building target: Embedded_Exercise_normal.elf'
' '
'Invoking: ARM v7 Print Size'
arm-none-eabi-size Embedded_Exercise_normal.elf  |tee "Embedded_Exercise_normal.elf.size"
   text	   data	    bss	    dec	    hex	filename
  37312	   2828	  22872	  63012	   f624	Embedded_Exercise_normal.elf
'Finished building: Embedded_Exercise_normal.elf.size'
' '
15:17:28 **** Incremental Build of configuration Debug for project Embedded_Exercise_normal ****
make pre-build main-build 
a9-linaro-pre-build-step
' '
make: Kohteelle "main-build" ei tarvitse tehdä mitään.
15:18:47 **** Auto Build of configuration Debug for project Embedded_Exercise_normal ****
make pre-build main-build 
a9-linaro-pre-build-step
' '
'Building file: ../src/Game.c'
'Invoking: ARM v7 gcc compiler'
arm-none-eabi-gcc -Wall -O0 -g3 -c -fmessage-length=0 -MT"src/Game.o" -mcpu=cortex-a9 -mfpu=vfpv3 -mfloat-abi=hard -I../../Embedded_Exercise_bsp/ps7_cortexa9_0/include -MMD -MP -MF"src/Game.d" -MT"src/Game.o" -o "src/Game.o" "../src/Game.c"
'Finished building: ../src/Game.c'
' '
'Building target: Embedded_Exercise_normal.elf'
'Invoking: ARM v7 gcc linker'
arm-none-eabi-gcc -mcpu=cortex-a9 -mfpu=vfpv3 -mfloat-abi=hard -Wl,-build-id=none -specs=Xilinx.spec -Wl,-T -Wl,../src/lscript.ld -L../../Embedded_Exercise_bsp/ps7_cortexa9_0/lib -o "Embedded_Exercise_normal.elf"  ./src/Game.o ./src/Interrupt_setup.o ./src/Pixel.o ./src/blinker.o ./src/main.o ./src/platform.o   -Wl,--start-group,-lxil,-lgcc,-lc,--end-group
'Finished building target: Embedded_Exercise_normal.elf'
' '
'Invoking: ARM v7 Print Size'
arm-none-eabi-size Embedded_Exercise_normal.elf  |tee "Embedded_Exercise_normal.elf.size"
   text	   data	    bss	    dec	    hex	filename
  37312	   2828	  22872	  63012	   f624	Embedded_Exercise_normal.elf
'Finished building: Embedded_Exercise_normal.elf.size'
' '
15:19:24 **** Auto Build of configuration Debug for project Embedded_Exercise_normal ****
make pre-build main-build 
a9-linaro-pre-build-step
' '
'Building file: ../src/Game.c'
'Invoking: ARM v7 gcc compiler'
arm-none-eabi-gcc -Wall -O0 -g3 -c -fmessage-length=0 -MT"src/Game.o" -mcpu=cortex-a9 -mfpu=vfpv3 -mfloat-abi=hard -I../../Embedded_Exercise_bsp/ps7_cortexa9_0/include -MMD -MP -MF"src/Game.d" -MT"src/Game.o" -o "src/Game.o" "../src/Game.c"
../src/Game.c: In function 'Cheat':
../src/Game.c:182:1: error: expected declaration or statement at end of input
 }
 ^
At top level:
../src/Game.c:176:6: warning: 'GameClear' defined but not used [-Wunused-function]
 void GameClear() {
      ^~~~~~~~~
make: *** [src/Game.o] Virhe 1
15:19:35 **** Auto Build of configuration Debug for project Embedded_Exercise_normal ****
make pre-build main-build 
a9-linaro-pre-build-step
' '
'Building file: ../src/Game.c'
'Invoking: ARM v7 gcc compiler'
arm-none-eabi-gcc -Wall -O0 -g3 -c -fmessage-length=0 -MT"src/Game.o" -mcpu=cortex-a9 -mfpu=vfpv3 -mfloat-abi=hard -I../../Embedded_Exercise_bsp/ps7_cortexa9_0/include -MMD -MP -MF"src/Game.d" -MT"src/Game.o" -o "src/Game.o" "../src/Game.c"
../src/Game.c: In function 'Cheat':
../src/Game.c:182:1: error: expected declaration or statement at end of input
 }
 ^
At top level:
../src/Game.c:176:6: warning: 'GameClear' defined but not used [-Wunused-function]
 void GameClear() {
      ^~~~~~~~~
make: *** [src/Game.o] Virhe 1
15:19:57 **** Auto Build of configuration Debug for project Embedded_Exercise_normal ****
make pre-build main-build 
a9-linaro-pre-build-step
' '
'Building file: ../src/Game.c'
'Invoking: ARM v7 gcc compiler'
arm-none-eabi-gcc -Wall -O0 -g3 -c -fmessage-length=0 -MT"src/Game.o" -mcpu=cortex-a9 -mfpu=vfpv3 -mfloat-abi=hard -I../../Embedded_Exercise_bsp/ps7_cortexa9_0/include -MMD -MP -MF"src/Game.d" -MT"src/Game.o" -o "src/Game.o" "../src/Game.c"
'Finished building: ../src/Game.c'
' '
'Building target: Embedded_Exercise_normal.elf'
'Invoking: ARM v7 gcc linker'
arm-none-eabi-gcc -mcpu=cortex-a9 -mfpu=vfpv3 -mfloat-abi=hard -Wl,-build-id=none -specs=Xilinx.spec -Wl,-T -Wl,../src/lscript.ld -L../../Embedded_Exercise_bsp/ps7_cortexa9_0/lib -o "Embedded_Exercise_normal.elf"  ./src/Game.o ./src/Interrupt_setup.o ./src/Pixel.o ./src/blinker.o ./src/main.o ./src/platform.o   -Wl,--start-group,-lxil,-lgcc,-lc,--end-group
'Finished building target: Embedded_Exercise_normal.elf'
' '
'Invoking: ARM v7 Print Size'
arm-none-eabi-size Embedded_Exercise_normal.elf  |tee "Embedded_Exercise_normal.elf.size"
   text	   data	    bss	    dec	    hex	filename
  37336	   2828	  22872	  63036	   f63c	Embedded_Exercise_normal.elf
'Finished building: Embedded_Exercise_normal.elf.size'
' '
15:20:16 **** Incremental Build of configuration Debug for project Embedded_Exercise_normal ****
make pre-build main-build 
a9-linaro-pre-build-step
' '
make: Kohteelle "main-build" ei tarvitse tehdä mitään.
15:21:18 **** Auto Build of configuration Debug for project Embedded_Exercise_normal ****
make pre-build main-build 
a9-linaro-pre-build-step
' '
'Building file: ../src/Game.c'
'Invoking: ARM v7 gcc compiler'
arm-none-eabi-gcc -Wall -O0 -g3 -c -fmessage-length=0 -MT"src/Game.o" -mcpu=cortex-a9 -mfpu=vfpv3 -mfloat-abi=hard -I../../Embedded_Exercise_bsp/ps7_cortexa9_0/include -MMD -MP -MF"src/Game.d" -MT"src/Game.o" -o "src/Game.o" "../src/Game.c"
'Finished building: ../src/Game.c'
' '
'Building target: Embedded_Exercise_normal.elf'
'Invoking: ARM v7 gcc linker'
arm-none-eabi-gcc -mcpu=cortex-a9 -mfpu=vfpv3 -mfloat-abi=hard -Wl,-build-id=none -specs=Xilinx.spec -Wl,-T -Wl,../src/lscript.ld -L../../Embedded_Exercise_bsp/ps7_cortexa9_0/lib -o "Embedded_Exercise_normal.elf"  ./src/Game.o ./src/Interrupt_setup.o ./src/Pixel.o ./src/blinker.o ./src/main.o ./src/platform.o   -Wl,--start-group,-lxil,-lgcc,-lc,--end-group
'Finished building target: Embedded_Exercise_normal.elf'
' '
'Invoking: ARM v7 Print Size'
arm-none-eabi-size Embedded_Exercise_normal.elf  |tee "Embedded_Exercise_normal.elf.size"
   text	   data	    bss	    dec	    hex	filename
  37336	   2828	  22872	  63036	   f63c	Embedded_Exercise_normal.elf
'Finished building: Embedded_Exercise_normal.elf.size'
' '
15:21:26 **** Auto Build of configuration Debug for project Embedded_Exercise_normal ****
make pre-build main-build 
a9-linaro-pre-build-step
' '
'Building file: ../src/Game.c'
'Invoking: ARM v7 gcc compiler'
arm-none-eabi-gcc -Wall -O0 -g3 -c -fmessage-length=0 -MT"src/Game.o" -mcpu=cortex-a9 -mfpu=vfpv3 -mfloat-abi=hard -I../../Embedded_Exercise_bsp/ps7_cortexa9_0/include -MMD -MP -MF"src/Game.d" -MT"src/Game.o" -o "src/Game.o" "../src/Game.c"
'Finished building: ../src/Game.c'
' '
'Building target: Embedded_Exercise_normal.elf'
'Invoking: ARM v7 gcc linker'
arm-none-eabi-gcc -mcpu=cortex-a9 -mfpu=vfpv3 -mfloat-abi=hard -Wl,-build-id=none -specs=Xilinx.spec -Wl,-T -Wl,../src/lscript.ld -L../../Embedded_Exercise_bsp/ps7_cortexa9_0/lib -o "Embedded_Exercise_normal.elf"  ./src/Game.o ./src/Interrupt_setup.o ./src/Pixel.o ./src/blinker.o ./src/main.o ./src/platform.o   -Wl,--start-group,-lxil,-lgcc,-lc,--end-group
'Finished building target: Embedded_Exercise_normal.elf'
' '
'Invoking: ARM v7 Print Size'
arm-none-eabi-size Embedded_Exercise_normal.elf  |tee "Embedded_Exercise_normal.elf.size"
   text	   data	    bss	    dec	    hex	filename
  37336	   2828	  22872	  63036	   f63c	Embedded_Exercise_normal.elf
'Finished building: Embedded_Exercise_normal.elf.size'
' '
15:21:39 **** Incremental Build of configuration Debug for project Embedded_Exercise_normal ****
make pre-build main-build 
a9-linaro-pre-build-step
' '
make: Kohteelle "main-build" ei tarvitse tehdä mitään.
15:23:56 **** Auto Build of configuration Debug for project Embedded_Exercise_normal ****
make pre-build main-build 
a9-linaro-pre-build-step
' '
'Building file: ../src/Game.c'
'Invoking: ARM v7 gcc compiler'
arm-none-eabi-gcc -Wall -O0 -g3 -c -fmessage-length=0 -MT"src/Game.o" -mcpu=cortex-a9 -mfpu=vfpv3 -mfloat-abi=hard -I../../Embedded_Exercise_bsp/ps7_cortexa9_0/include -MMD -MP -MF"src/Game.d" -MT"src/Game.o" -o "src/Game.o" "../src/Game.c"
'Finished building: ../src/Game.c'
' '
'Building target: Embedded_Exercise_normal.elf'
'Invoking: ARM v7 gcc linker'
arm-none-eabi-gcc -mcpu=cortex-a9 -mfpu=vfpv3 -mfloat-abi=hard -Wl,-build-id=none -specs=Xilinx.spec -Wl,-T -Wl,../src/lscript.ld -L../../Embedded_Exercise_bsp/ps7_cortexa9_0/lib -o "Embedded_Exercise_normal.elf"  ./src/Game.o ./src/Interrupt_setup.o ./src/Pixel.o ./src/blinker.o ./src/main.o ./src/platform.o   -Wl,--start-group,-lxil,-lgcc,-lc,--end-group
'Finished building target: Embedded_Exercise_normal.elf'
' '
'Invoking: ARM v7 Print Size'
arm-none-eabi-size Embedded_Exercise_normal.elf  |tee "Embedded_Exercise_normal.elf.size"
   text	   data	    bss	    dec	    hex	filename
  37336	   2828	  22872	  63036	   f63c	Embedded_Exercise_normal.elf
'Finished building: Embedded_Exercise_normal.elf.size'
' '
15:24:03 **** Incremental Build of configuration Debug for project Embedded_Exercise_normal ****
make pre-build main-build 
a9-linaro-pre-build-step
' '
make: Kohteelle "main-build" ei tarvitse tehdä mitään.
15:26:01 **** Auto Build of configuration Debug for project Embedded_Exercise_normal ****
make pre-build main-build 
a9-linaro-pre-build-step
' '
'Building file: ../src/Game.c'
'Invoking: ARM v7 gcc compiler'
arm-none-eabi-gcc -Wall -O0 -g3 -c -fmessage-length=0 -MT"src/Game.o" -mcpu=cortex-a9 -mfpu=vfpv3 -mfloat-abi=hard -I../../Embedded_Exercise_bsp/ps7_cortexa9_0/include -MMD -MP -MF"src/Game.d" -MT"src/Game.o" -o "src/Game.o" "../src/Game.c"
'Finished building: ../src/Game.c'
' '
'Building target: Embedded_Exercise_normal.elf'
'Invoking: ARM v7 gcc linker'
arm-none-eabi-gcc -mcpu=cortex-a9 -mfpu=vfpv3 -mfloat-abi=hard -Wl,-build-id=none -specs=Xilinx.spec -Wl,-T -Wl,../src/lscript.ld -L../../Embedded_Exercise_bsp/ps7_cortexa9_0/lib -o "Embedded_Exercise_normal.elf"  ./src/Game.o ./src/Interrupt_setup.o ./src/Pixel.o ./src/blinker.o ./src/main.o ./src/platform.o   -Wl,--start-group,-lxil,-lgcc,-lc,--end-group
'Finished building target: Embedded_Exercise_normal.elf'
' '
'Invoking: ARM v7 Print Size'
arm-none-eabi-size Embedded_Exercise_normal.elf  |tee "Embedded_Exercise_normal.elf.size"
   text	   data	    bss	    dec	    hex	filename
  37336	   2828	  22872	  63036	   f63c	Embedded_Exercise_normal.elf
'Finished building: Embedded_Exercise_normal.elf.size'
' '
15:26:28 **** Auto Build of configuration Debug for project Embedded_Exercise_normal ****
make pre-build main-build 
a9-linaro-pre-build-step
' '
'Building file: ../src/Game.c'
'Invoking: ARM v7 gcc compiler'
arm-none-eabi-gcc -Wall -O0 -g3 -c -fmessage-length=0 -MT"src/Game.o" -mcpu=cortex-a9 -mfpu=vfpv3 -mfloat-abi=hard -I../../Embedded_Exercise_bsp/ps7_cortexa9_0/include -MMD -MP -MF"src/Game.d" -MT"src/Game.o" -o "src/Game.o" "../src/Game.c"
'Finished building: ../src/Game.c'
' '
'Building target: Embedded_Exercise_normal.elf'
'Invoking: ARM v7 gcc linker'
arm-none-eabi-gcc -mcpu=cortex-a9 -mfpu=vfpv3 -mfloat-abi=hard -Wl,-build-id=none -specs=Xilinx.spec -Wl,-T -Wl,../src/lscript.ld -L../../Embedded_Exercise_bsp/ps7_cortexa9_0/lib -o "Embedded_Exercise_normal.elf"  ./src/Game.o ./src/Interrupt_setup.o ./src/Pixel.o ./src/blinker.o ./src/main.o ./src/platform.o   -Wl,--start-group,-lxil,-lgcc,-lc,--end-group
'Finished building target: Embedded_Exercise_normal.elf'
' '
'Invoking: ARM v7 Print Size'
arm-none-eabi-size Embedded_Exercise_normal.elf  |tee "Embedded_Exercise_normal.elf.size"
   text	   data	    bss	    dec	    hex	filename
  37336	   2828	  22872	  63036	   f63c	Embedded_Exercise_normal.elf
'Finished building: Embedded_Exercise_normal.elf.size'
' '
15:26:46 **** Auto Build of configuration Debug for project Embedded_Exercise_normal ****
make pre-build main-build 
a9-linaro-pre-build-step
' '
'Building file: ../src/Game.c'
'Invoking: ARM v7 gcc compiler'
arm-none-eabi-gcc -Wall -O0 -g3 -c -fmessage-length=0 -MT"src/Game.o" -mcpu=cortex-a9 -mfpu=vfpv3 -mfloat-abi=hard -I../../Embedded_Exercise_bsp/ps7_cortexa9_0/include -MMD -MP -MF"src/Game.d" -MT"src/Game.o" -o "src/Game.o" "../src/Game.c"
'Finished building: ../src/Game.c'
' '
'Building target: Embedded_Exercise_normal.elf'
'Invoking: ARM v7 gcc linker'
arm-none-eabi-gcc -mcpu=cortex-a9 -mfpu=vfpv3 -mfloat-abi=hard -Wl,-build-id=none -specs=Xilinx.spec -Wl,-T -Wl,../src/lscript.ld -L../../Embedded_Exercise_bsp/ps7_cortexa9_0/lib -o "Embedded_Exercise_normal.elf"  ./src/Game.o ./src/Interrupt_setup.o ./src/Pixel.o ./src/blinker.o ./src/main.o ./src/platform.o   -Wl,--start-group,-lxil,-lgcc,-lc,--end-group
'Finished building target: Embedded_Exercise_normal.elf'
' '
'Invoking: ARM v7 Print Size'
arm-none-eabi-size Embedded_Exercise_normal.elf  |tee "Embedded_Exercise_normal.elf.size"
   text	   data	    bss	    dec	    hex	filename
  37336	   2828	  22872	  63036	   f63c	Embedded_Exercise_normal.elf
'Finished building: Embedded_Exercise_normal.elf.size'
' '
15:26:58 **** Incremental Build of configuration Debug for project Embedded_Exercise_normal ****
make pre-build main-build 
a9-linaro-pre-build-step
' '
make: Kohteelle "main-build" ei tarvitse tehdä mitään.
15:28:50 **** Auto Build of configuration Debug for project Embedded_Exercise_normal ****
make pre-build main-build 
a9-linaro-pre-build-step
' '
'Building file: ../src/Game.c'
'Invoking: ARM v7 gcc compiler'
arm-none-eabi-gcc -Wall -O0 -g3 -c -fmessage-length=0 -MT"src/Game.o" -mcpu=cortex-a9 -mfpu=vfpv3 -mfloat-abi=hard -I../../Embedded_Exercise_bsp/ps7_cortexa9_0/include -MMD -MP -MF"src/Game.d" -MT"src/Game.o" -o "src/Game.o" "../src/Game.c"
'Finished building: ../src/Game.c'
' '
'Building target: Embedded_Exercise_normal.elf'
'Invoking: ARM v7 gcc linker'
arm-none-eabi-gcc -mcpu=cortex-a9 -mfpu=vfpv3 -mfloat-abi=hard -Wl,-build-id=none -specs=Xilinx.spec -Wl,-T -Wl,../src/lscript.ld -L../../Embedded_Exercise_bsp/ps7_cortexa9_0/lib -o "Embedded_Exercise_normal.elf"  ./src/Game.o ./src/Interrupt_setup.o ./src/Pixel.o ./src/blinker.o ./src/main.o ./src/platform.o   -Wl,--start-group,-lxil,-lgcc,-lc,--end-group
'Finished building target: Embedded_Exercise_normal.elf'
' '
'Invoking: ARM v7 Print Size'
arm-none-eabi-size Embedded_Exercise_normal.elf  |tee "Embedded_Exercise_normal.elf.size"
   text	   data	    bss	    dec	    hex	filename
  37368	   2828	  22872	  63068	   f65c	Embedded_Exercise_normal.elf
'Finished building: Embedded_Exercise_normal.elf.size'
' '
15:29:03 **** Incremental Build of configuration Debug for project Embedded_Exercise_normal ****
make pre-build main-build 
a9-linaro-pre-build-step
' '
make: Kohteelle "main-build" ei tarvitse tehdä mitään.
15:31:15 **** Auto Build of configuration Debug for project Embedded_Exercise_normal ****
make pre-build main-build 
a9-linaro-pre-build-step
' '
'Building file: ../src/Game.c'
'Invoking: ARM v7 gcc compiler'
arm-none-eabi-gcc -Wall -O0 -g3 -c -fmessage-length=0 -MT"src/Game.o" -mcpu=cortex-a9 -mfpu=vfpv3 -mfloat-abi=hard -I../../Embedded_Exercise_bsp/ps7_cortexa9_0/include -MMD -MP -MF"src/Game.d" -MT"src/Game.o" -o "src/Game.o" "../src/Game.c"
'Finished building: ../src/Game.c'
' '
'Building target: Embedded_Exercise_normal.elf'
'Invoking: ARM v7 gcc linker'
arm-none-eabi-gcc -mcpu=cortex-a9 -mfpu=vfpv3 -mfloat-abi=hard -Wl,-build-id=none -specs=Xilinx.spec -Wl,-T -Wl,../src/lscript.ld -L../../Embedded_Exercise_bsp/ps7_cortexa9_0/lib -o "Embedded_Exercise_normal.elf"  ./src/Game.o ./src/Interrupt_setup.o ./src/Pixel.o ./src/blinker.o ./src/main.o ./src/platform.o   -Wl,--start-group,-lxil,-lgcc,-lc,--end-group
'Finished building target: Embedded_Exercise_normal.elf'
' '
'Invoking: ARM v7 Print Size'
arm-none-eabi-size Embedded_Exercise_normal.elf  |tee "Embedded_Exercise_normal.elf.size"
   text	   data	    bss	    dec	    hex	filename
  37520	   2828	  22872	  63220	   f6f4	Embedded_Exercise_normal.elf
'Finished building: Embedded_Exercise_normal.elf.size'
' '
15:31:29 **** Incremental Build of configuration Debug for project Embedded_Exercise_normal ****
make pre-build main-build 
a9-linaro-pre-build-step
' '
make: Kohteelle "main-build" ei tarvitse tehdä mitään.
15:32:59 **** Auto Build of configuration Debug for project Embedded_Exercise_normal ****
make pre-build main-build 
a9-linaro-pre-build-step
' '
'Building file: ../src/Game.c'
'Invoking: ARM v7 gcc compiler'
arm-none-eabi-gcc -Wall -O0 -g3 -c -fmessage-length=0 -MT"src/Game.o" -mcpu=cortex-a9 -mfpu=vfpv3 -mfloat-abi=hard -I../../Embedded_Exercise_bsp/ps7_cortexa9_0/include -MMD -MP -MF"src/Game.d" -MT"src/Game.o" -o "src/Game.o" "../src/Game.c"
'Finished building: ../src/Game.c'
' '
'Building target: Embedded_Exercise_normal.elf'
'Invoking: ARM v7 gcc linker'
arm-none-eabi-gcc -mcpu=cortex-a9 -mfpu=vfpv3 -mfloat-abi=hard -Wl,-build-id=none -specs=Xilinx.spec -Wl,-T -Wl,../src/lscript.ld -L../../Embedded_Exercise_bsp/ps7_cortexa9_0/lib -o "Embedded_Exercise_normal.elf"  ./src/Game.o ./src/Interrupt_setup.o ./src/Pixel.o ./src/blinker.o ./src/main.o ./src/platform.o   -Wl,--start-group,-lxil,-lgcc,-lc,--end-group
'Finished building target: Embedded_Exercise_normal.elf'
' '
'Invoking: ARM v7 Print Size'
arm-none-eabi-size Embedded_Exercise_normal.elf  |tee "Embedded_Exercise_normal.elf.size"
   text	   data	    bss	    dec	    hex	filename
  37520	   2828	  22872	  63220	   f6f4	Embedded_Exercise_normal.elf
'Finished building: Embedded_Exercise_normal.elf.size'
' '
15:33:08 **** Incremental Build of configuration Debug for project Embedded_Exercise_normal ****
make pre-build main-build 
a9-linaro-pre-build-step
' '
make: Kohteelle "main-build" ei tarvitse tehdä mitään.
15:40:51 **** Auto Build of configuration Debug for project Embedded_Exercise_normal ****
make pre-build main-build 
a9-linaro-pre-build-step
' '
'Building file: ../src/Game.c'
'Invoking: ARM v7 gcc compiler'
arm-none-eabi-gcc -Wall -O0 -g3 -c -fmessage-length=0 -MT"src/Game.o" -mcpu=cortex-a9 -mfpu=vfpv3 -mfloat-abi=hard -I../../Embedded_Exercise_bsp/ps7_cortexa9_0/include -MMD -MP -MF"src/Game.d" -MT"src/Game.o" -o "src/Game.o" "../src/Game.c"
'Finished building: ../src/Game.c'
' '
'Building target: Embedded_Exercise_normal.elf'
'Invoking: ARM v7 gcc linker'
arm-none-eabi-gcc -mcpu=cortex-a9 -mfpu=vfpv3 -mfloat-abi=hard -Wl,-build-id=none -specs=Xilinx.spec -Wl,-T -Wl,../src/lscript.ld -L../../Embedded_Exercise_bsp/ps7_cortexa9_0/lib -o "Embedded_Exercise_normal.elf"  ./src/Game.o ./src/Interrupt_setup.o ./src/Pixel.o ./src/blinker.o ./src/main.o ./src/platform.o   -Wl,--start-group,-lxil,-lgcc,-lc,--end-group
'Finished building target: Embedded_Exercise_normal.elf'
' '
'Invoking: ARM v7 Print Size'
arm-none-eabi-size Embedded_Exercise_normal.elf  |tee "Embedded_Exercise_normal.elf.size"
   text	   data	    bss	    dec	    hex	filename
  37608	   2828	  22872	  63308	   f74c	Embedded_Exercise_normal.elf
'Finished building: Embedded_Exercise_normal.elf.size'
' '
15:41:04 **** Incremental Build of configuration Debug for project Embedded_Exercise_normal ****
make pre-build main-build 
a9-linaro-pre-build-step
' '
make: Kohteelle "main-build" ei tarvitse tehdä mitään.
